ARM GAS  C:\Users\CHRIST~1\AppData\Local\Temp\ccyt2ogH.s 			page 1


   1              		.cpu cortex-m0plus
   2              		.fpu softvfp
   3              		.eabi_attribute 20, 1
   4              		.eabi_attribute 21, 1
   5              		.eabi_attribute 23, 3
   6              		.eabi_attribute 24, 1
   7              		.eabi_attribute 25, 1
   8              		.eabi_attribute 26, 1
   9              		.eabi_attribute 30, 6
  10              		.eabi_attribute 34, 0
  11              		.eabi_attribute 18, 4
  12              		.code	16
  13              		.file	"cyfitter_cfg.c"
  14              		.text
  15              	.Ltext0:
  16              		.cfi_sections	.debug_frame
  17              		.section	.text.CYMEMZERO,"ax",%progbits
  18              		.align	2
  19              		.code	16
  20              		.thumb_func
  21              		.type	CYMEMZERO, %function
  22              	CYMEMZERO:
  23              	.LFB1:
  24              		.file 1 "Generated_Source\\PSoC4\\cyfitter_cfg.c"
   1:Generated_Source\PSoC4/cyfitter_cfg.c **** /*******************************************************************************
   2:Generated_Source\PSoC4/cyfitter_cfg.c **** * File Name: cyfitter_cfg.c
   3:Generated_Source\PSoC4/cyfitter_cfg.c **** * 
   4:Generated_Source\PSoC4/cyfitter_cfg.c **** * PSoC Creator  4.0
   5:Generated_Source\PSoC4/cyfitter_cfg.c **** *
   6:Generated_Source\PSoC4/cyfitter_cfg.c **** * Description:
   7:Generated_Source\PSoC4/cyfitter_cfg.c **** * This file contains device initialization code.
   8:Generated_Source\PSoC4/cyfitter_cfg.c **** * Except for the user defined sections in CyClockStartupError(), this file should not be modified.
   9:Generated_Source\PSoC4/cyfitter_cfg.c **** * This file is automatically generated by PSoC Creator.
  10:Generated_Source\PSoC4/cyfitter_cfg.c **** *
  11:Generated_Source\PSoC4/cyfitter_cfg.c **** ********************************************************************************
  12:Generated_Source\PSoC4/cyfitter_cfg.c **** * Copyright (c) 2007-2016 Cypress Semiconductor.  All rights reserved.
  13:Generated_Source\PSoC4/cyfitter_cfg.c **** * You may use this file only in accordance with the license, terms, conditions, 
  14:Generated_Source\PSoC4/cyfitter_cfg.c **** * disclaimers, and limitations in the end user license agreement accompanying 
  15:Generated_Source\PSoC4/cyfitter_cfg.c **** * the software package with which this file was provided.
  16:Generated_Source\PSoC4/cyfitter_cfg.c **** ********************************************************************************/
  17:Generated_Source\PSoC4/cyfitter_cfg.c **** 
  18:Generated_Source\PSoC4/cyfitter_cfg.c **** #include <string.h>
  19:Generated_Source\PSoC4/cyfitter_cfg.c **** #include "cytypes.h"
  20:Generated_Source\PSoC4/cyfitter_cfg.c **** #include "cydevice_trm.h"
  21:Generated_Source\PSoC4/cyfitter_cfg.c **** #include "cyfitter.h"
  22:Generated_Source\PSoC4/cyfitter_cfg.c **** #include "CyLib.h"
  23:Generated_Source\PSoC4/cyfitter_cfg.c **** #include "cyfitter_cfg.h"
  24:Generated_Source\PSoC4/cyfitter_cfg.c **** 
  25:Generated_Source\PSoC4/cyfitter_cfg.c **** 
  26:Generated_Source\PSoC4/cyfitter_cfg.c **** #if defined(__GNUC__) || defined(__ARMCC_VERSION)
  27:Generated_Source\PSoC4/cyfitter_cfg.c ****     #define CYPACKED 
  28:Generated_Source\PSoC4/cyfitter_cfg.c ****     #define CYPACKED_ATTR __attribute__ ((packed))
  29:Generated_Source\PSoC4/cyfitter_cfg.c ****     #define CYALIGNED __attribute__ ((aligned))
  30:Generated_Source\PSoC4/cyfitter_cfg.c ****     #define CY_CFG_UNUSED __attribute__ ((unused))
  31:Generated_Source\PSoC4/cyfitter_cfg.c ****     #ifndef CY_CFG_SECTION
  32:Generated_Source\PSoC4/cyfitter_cfg.c ****         #define CY_CFG_SECTION __attribute__ ((section(".psocinit")))
  33:Generated_Source\PSoC4/cyfitter_cfg.c ****     #endif
ARM GAS  C:\Users\CHRIST~1\AppData\Local\Temp\ccyt2ogH.s 			page 2


  34:Generated_Source\PSoC4/cyfitter_cfg.c ****     
  35:Generated_Source\PSoC4/cyfitter_cfg.c ****     #if defined(__ARMCC_VERSION)
  36:Generated_Source\PSoC4/cyfitter_cfg.c ****         #define CY_CFG_MEMORY_BARRIER() __memory_changed()
  37:Generated_Source\PSoC4/cyfitter_cfg.c ****     #else
  38:Generated_Source\PSoC4/cyfitter_cfg.c ****         #define CY_CFG_MEMORY_BARRIER() __sync_synchronize()
  39:Generated_Source\PSoC4/cyfitter_cfg.c ****     #endif
  40:Generated_Source\PSoC4/cyfitter_cfg.c ****     
  41:Generated_Source\PSoC4/cyfitter_cfg.c **** #elif defined(__ICCARM__)
  42:Generated_Source\PSoC4/cyfitter_cfg.c ****     #include <intrinsics.h>
  43:Generated_Source\PSoC4/cyfitter_cfg.c **** 
  44:Generated_Source\PSoC4/cyfitter_cfg.c ****     #define CYPACKED __packed
  45:Generated_Source\PSoC4/cyfitter_cfg.c ****     #define CYPACKED_ATTR 
  46:Generated_Source\PSoC4/cyfitter_cfg.c ****     #define CYALIGNED _Pragma("data_alignment=4")
  47:Generated_Source\PSoC4/cyfitter_cfg.c ****     #define CY_CFG_UNUSED _Pragma("diag_suppress=Pe177")
  48:Generated_Source\PSoC4/cyfitter_cfg.c ****     #define CY_CFG_SECTION _Pragma("location=\".psocinit\"")
  49:Generated_Source\PSoC4/cyfitter_cfg.c ****     
  50:Generated_Source\PSoC4/cyfitter_cfg.c ****     #define CY_CFG_MEMORY_BARRIER() __DMB()
  51:Generated_Source\PSoC4/cyfitter_cfg.c ****     
  52:Generated_Source\PSoC4/cyfitter_cfg.c **** #else
  53:Generated_Source\PSoC4/cyfitter_cfg.c ****     #error Unsupported toolchain
  54:Generated_Source\PSoC4/cyfitter_cfg.c **** #endif
  55:Generated_Source\PSoC4/cyfitter_cfg.c **** 
  56:Generated_Source\PSoC4/cyfitter_cfg.c **** 
  57:Generated_Source\PSoC4/cyfitter_cfg.c **** CY_CFG_UNUSED
  58:Generated_Source\PSoC4/cyfitter_cfg.c **** static void CYMEMZERO(void *s, size_t n);
  59:Generated_Source\PSoC4/cyfitter_cfg.c **** CY_CFG_UNUSED
  60:Generated_Source\PSoC4/cyfitter_cfg.c **** static void CYMEMZERO(void *s, size_t n)
  61:Generated_Source\PSoC4/cyfitter_cfg.c **** {
  25              		.loc 1 61 0
  26              		.cfi_startproc
  27 0000 80B5     		push	{r7, lr}
  28              		.cfi_def_cfa_offset 8
  29              		.cfi_offset 7, -8
  30              		.cfi_offset 14, -4
  31 0002 82B0     		sub	sp, sp, #8
  32              		.cfi_def_cfa_offset 16
  33 0004 00AF     		add	r7, sp, #0
  34              		.cfi_def_cfa_register 7
  35 0006 7860     		str	r0, [r7, #4]
  36 0008 3960     		str	r1, [r7]
  62:Generated_Source\PSoC4/cyfitter_cfg.c **** 	(void)memset(s, 0, n);
  37              		.loc 1 62 0
  38 000a 7A68     		ldr	r2, [r7, #4]
  39 000c 3B68     		ldr	r3, [r7]
  40 000e 101C     		mov	r0, r2
  41 0010 0021     		mov	r1, #0
  42 0012 1A1C     		mov	r2, r3
  43 0014 FFF7FEFF 		bl	memset
  63:Generated_Source\PSoC4/cyfitter_cfg.c **** }
  44              		.loc 1 63 0
  45 0018 BD46     		mov	sp, r7
  46 001a 02B0     		add	sp, sp, #8
  47              		@ sp needed
  48 001c 80BD     		pop	{r7, pc}
  49              		.cfi_endproc
  50              	.LFE1:
  51              		.size	CYMEMZERO, .-CYMEMZERO
ARM GAS  C:\Users\CHRIST~1\AppData\Local\Temp\ccyt2ogH.s 			page 3


  52 001e C046     		.section	.text.CYCONFIGCPY,"ax",%progbits
  53              		.align	2
  54              		.code	16
  55              		.thumb_func
  56              		.type	CYCONFIGCPY, %function
  57              	CYCONFIGCPY:
  58              	.LFB2:
  64:Generated_Source\PSoC4/cyfitter_cfg.c **** CY_CFG_UNUSED
  65:Generated_Source\PSoC4/cyfitter_cfg.c **** static void CYCONFIGCPY(void *dest, const void *src, size_t n);
  66:Generated_Source\PSoC4/cyfitter_cfg.c **** CY_CFG_UNUSED
  67:Generated_Source\PSoC4/cyfitter_cfg.c **** static void CYCONFIGCPY(void *dest, const void *src, size_t n)
  68:Generated_Source\PSoC4/cyfitter_cfg.c **** {
  59              		.loc 1 68 0
  60              		.cfi_startproc
  61 0000 80B5     		push	{r7, lr}
  62              		.cfi_def_cfa_offset 8
  63              		.cfi_offset 7, -8
  64              		.cfi_offset 14, -4
  65 0002 84B0     		sub	sp, sp, #16
  66              		.cfi_def_cfa_offset 24
  67 0004 00AF     		add	r7, sp, #0
  68              		.cfi_def_cfa_register 7
  69 0006 F860     		str	r0, [r7, #12]
  70 0008 B960     		str	r1, [r7, #8]
  71 000a 7A60     		str	r2, [r7, #4]
  69:Generated_Source\PSoC4/cyfitter_cfg.c **** 	(void)memcpy(dest, src, n);
  72              		.loc 1 69 0
  73 000c F968     		ldr	r1, [r7, #12]
  74 000e BA68     		ldr	r2, [r7, #8]
  75 0010 7B68     		ldr	r3, [r7, #4]
  76 0012 081C     		mov	r0, r1
  77 0014 111C     		mov	r1, r2
  78 0016 1A1C     		mov	r2, r3
  79 0018 FFF7FEFF 		bl	memcpy
  70:Generated_Source\PSoC4/cyfitter_cfg.c **** }
  80              		.loc 1 70 0
  81 001c BD46     		mov	sp, r7
  82 001e 04B0     		add	sp, sp, #16
  83              		@ sp needed
  84 0020 80BD     		pop	{r7, pc}
  85              		.cfi_endproc
  86              	.LFE2:
  87              		.size	CYCONFIGCPY, .-CYCONFIGCPY
  88 0022 C046     		.section	.text.CYCONFIGCPYCODE,"ax",%progbits
  89              		.align	2
  90              		.code	16
  91              		.thumb_func
  92              		.type	CYCONFIGCPYCODE, %function
  93              	CYCONFIGCPYCODE:
  94              	.LFB3:
  71:Generated_Source\PSoC4/cyfitter_cfg.c **** CY_CFG_UNUSED
  72:Generated_Source\PSoC4/cyfitter_cfg.c **** static void CYCONFIGCPYCODE(void *dest, const void *src, size_t n);
  73:Generated_Source\PSoC4/cyfitter_cfg.c **** CY_CFG_UNUSED
  74:Generated_Source\PSoC4/cyfitter_cfg.c **** static void CYCONFIGCPYCODE(void *dest, const void *src, size_t n)
  75:Generated_Source\PSoC4/cyfitter_cfg.c **** {
  95              		.loc 1 75 0
  96              		.cfi_startproc
ARM GAS  C:\Users\CHRIST~1\AppData\Local\Temp\ccyt2ogH.s 			page 4


  97 0000 80B5     		push	{r7, lr}
  98              		.cfi_def_cfa_offset 8
  99              		.cfi_offset 7, -8
 100              		.cfi_offset 14, -4
 101 0002 84B0     		sub	sp, sp, #16
 102              		.cfi_def_cfa_offset 24
 103 0004 00AF     		add	r7, sp, #0
 104              		.cfi_def_cfa_register 7
 105 0006 F860     		str	r0, [r7, #12]
 106 0008 B960     		str	r1, [r7, #8]
 107 000a 7A60     		str	r2, [r7, #4]
  76:Generated_Source\PSoC4/cyfitter_cfg.c **** 	(void)memcpy(dest, src, n);
 108              		.loc 1 76 0
 109 000c F968     		ldr	r1, [r7, #12]
 110 000e BA68     		ldr	r2, [r7, #8]
 111 0010 7B68     		ldr	r3, [r7, #4]
 112 0012 081C     		mov	r0, r1
 113 0014 111C     		mov	r1, r2
 114 0016 1A1C     		mov	r2, r3
 115 0018 FFF7FEFF 		bl	memcpy
  77:Generated_Source\PSoC4/cyfitter_cfg.c **** }
 116              		.loc 1 77 0
 117 001c BD46     		mov	sp, r7
 118 001e 04B0     		add	sp, sp, #16
 119              		@ sp needed
 120 0020 80BD     		pop	{r7, pc}
 121              		.cfi_endproc
 122              	.LFE3:
 123              		.size	CYCONFIGCPYCODE, .-CYCONFIGCPYCODE
 124 0022 C046     		.section	.psocinit,"ax",%progbits
 125              		.align	2
 126              		.code	16
 127              		.thumb_func
 128              		.type	ClockSetup, %function
 129              	ClockSetup:
 130              	.LFB4:
  78:Generated_Source\PSoC4/cyfitter_cfg.c **** 
  79:Generated_Source\PSoC4/cyfitter_cfg.c **** 
  80:Generated_Source\PSoC4/cyfitter_cfg.c **** 
  81:Generated_Source\PSoC4/cyfitter_cfg.c **** 
  82:Generated_Source\PSoC4/cyfitter_cfg.c **** /* Clock startup error codes                                                   */
  83:Generated_Source\PSoC4/cyfitter_cfg.c **** #define CYCLOCKSTART_NO_ERROR    0u
  84:Generated_Source\PSoC4/cyfitter_cfg.c **** #define CYCLOCKSTART_XTAL_ERROR  1u
  85:Generated_Source\PSoC4/cyfitter_cfg.c **** #define CYCLOCKSTART_32KHZ_ERROR 2u
  86:Generated_Source\PSoC4/cyfitter_cfg.c **** #define CYCLOCKSTART_PLL_ERROR   3u
  87:Generated_Source\PSoC4/cyfitter_cfg.c **** 
  88:Generated_Source\PSoC4/cyfitter_cfg.c **** 
  89:Generated_Source\PSoC4/cyfitter_cfg.c **** #ifdef CY_NEED_CYCLOCKSTARTUPERROR
  90:Generated_Source\PSoC4/cyfitter_cfg.c **** /*******************************************************************************
  91:Generated_Source\PSoC4/cyfitter_cfg.c **** * Function Name: CyClockStartupError
  92:Generated_Source\PSoC4/cyfitter_cfg.c **** ********************************************************************************
  93:Generated_Source\PSoC4/cyfitter_cfg.c **** * Summary:
  94:Generated_Source\PSoC4/cyfitter_cfg.c **** *  If an error is encountered during clock configuration (crystal startup error,
  95:Generated_Source\PSoC4/cyfitter_cfg.c **** *  PLL lock error, etc.), the system will end up here.  Unless reimplemented by
  96:Generated_Source\PSoC4/cyfitter_cfg.c **** *  the customer, this function will stop in an infinite loop.
  97:Generated_Source\PSoC4/cyfitter_cfg.c **** *
  98:Generated_Source\PSoC4/cyfitter_cfg.c **** * Parameters:
ARM GAS  C:\Users\CHRIST~1\AppData\Local\Temp\ccyt2ogH.s 			page 5


  99:Generated_Source\PSoC4/cyfitter_cfg.c **** *   void
 100:Generated_Source\PSoC4/cyfitter_cfg.c **** *
 101:Generated_Source\PSoC4/cyfitter_cfg.c **** * Return:
 102:Generated_Source\PSoC4/cyfitter_cfg.c **** *   void
 103:Generated_Source\PSoC4/cyfitter_cfg.c **** *
 104:Generated_Source\PSoC4/cyfitter_cfg.c **** *******************************************************************************/
 105:Generated_Source\PSoC4/cyfitter_cfg.c **** CY_CFG_UNUSED
 106:Generated_Source\PSoC4/cyfitter_cfg.c **** static void CyClockStartupError(uint8 errorCode);
 107:Generated_Source\PSoC4/cyfitter_cfg.c **** CY_CFG_UNUSED
 108:Generated_Source\PSoC4/cyfitter_cfg.c **** static void CyClockStartupError(uint8 errorCode)
 109:Generated_Source\PSoC4/cyfitter_cfg.c **** {
 110:Generated_Source\PSoC4/cyfitter_cfg.c ****     /* To remove the compiler warning if errorCode not used.                */
 111:Generated_Source\PSoC4/cyfitter_cfg.c ****     errorCode = errorCode;
 112:Generated_Source\PSoC4/cyfitter_cfg.c **** 
 113:Generated_Source\PSoC4/cyfitter_cfg.c ****     /* If we have a clock startup error (bad MHz crystal, PLL lock, etc.),  */
 114:Generated_Source\PSoC4/cyfitter_cfg.c ****     /* we will end up here to allow the customer to implement something to  */
 115:Generated_Source\PSoC4/cyfitter_cfg.c ****     /* deal with the clock condition.                                       */
 116:Generated_Source\PSoC4/cyfitter_cfg.c **** 
 117:Generated_Source\PSoC4/cyfitter_cfg.c **** #ifdef CY_CFG_CLOCK_STARTUP_ERROR_CALLBACK
 118:Generated_Source\PSoC4/cyfitter_cfg.c **** 	CY_CFG_Clock_Startup_ErrorCallback();
 119:Generated_Source\PSoC4/cyfitter_cfg.c **** #else
 120:Generated_Source\PSoC4/cyfitter_cfg.c **** 	/*  If not using CY_CFG_CLOCK_STARTUP_ERROR_CALLBACK, place your clock startup code here. */
 121:Generated_Source\PSoC4/cyfitter_cfg.c ****     /* `#START CyClockStartupError` */
 122:Generated_Source\PSoC4/cyfitter_cfg.c **** 
 123:Generated_Source\PSoC4/cyfitter_cfg.c ****     /* If we have a clock startup error (bad MHz crystal, PLL lock, etc.),  */
 124:Generated_Source\PSoC4/cyfitter_cfg.c ****     /* we will end up here to allow the customer to implement something to  */
 125:Generated_Source\PSoC4/cyfitter_cfg.c ****     /* deal with the clock condition.                                       */
 126:Generated_Source\PSoC4/cyfitter_cfg.c **** 
 127:Generated_Source\PSoC4/cyfitter_cfg.c ****     /* `#END` */
 128:Generated_Source\PSoC4/cyfitter_cfg.c **** 
 129:Generated_Source\PSoC4/cyfitter_cfg.c ****     /* If nothing else, stop here since the clocks have not started         */
 130:Generated_Source\PSoC4/cyfitter_cfg.c ****     /* correctly.                                                           */
 131:Generated_Source\PSoC4/cyfitter_cfg.c ****     while(1) {}
 132:Generated_Source\PSoC4/cyfitter_cfg.c **** #endif /* CY_CFG_CLOCK_STARTUP_ERROR_CALLBACK */ 
 133:Generated_Source\PSoC4/cyfitter_cfg.c **** }
 134:Generated_Source\PSoC4/cyfitter_cfg.c **** #endif
 135:Generated_Source\PSoC4/cyfitter_cfg.c **** 
 136:Generated_Source\PSoC4/cyfitter_cfg.c **** 
 137:Generated_Source\PSoC4/cyfitter_cfg.c **** 
 138:Generated_Source\PSoC4/cyfitter_cfg.c **** /*******************************************************************************
 139:Generated_Source\PSoC4/cyfitter_cfg.c **** * Function Name: ClockSetup
 140:Generated_Source\PSoC4/cyfitter_cfg.c **** ********************************************************************************
 141:Generated_Source\PSoC4/cyfitter_cfg.c **** *
 142:Generated_Source\PSoC4/cyfitter_cfg.c **** * Summary:
 143:Generated_Source\PSoC4/cyfitter_cfg.c **** *   Performs the initialization of all of the clocks in the device based on the
 144:Generated_Source\PSoC4/cyfitter_cfg.c **** *   settings in the Clock tab of the DWR.  This includes enabling the requested
 145:Generated_Source\PSoC4/cyfitter_cfg.c **** *   clocks and setting the necessary dividers to produce the desired frequency. 
 146:Generated_Source\PSoC4/cyfitter_cfg.c **** *
 147:Generated_Source\PSoC4/cyfitter_cfg.c **** * Parameters:
 148:Generated_Source\PSoC4/cyfitter_cfg.c **** *   void
 149:Generated_Source\PSoC4/cyfitter_cfg.c **** *
 150:Generated_Source\PSoC4/cyfitter_cfg.c **** * Return:
 151:Generated_Source\PSoC4/cyfitter_cfg.c **** *   void
 152:Generated_Source\PSoC4/cyfitter_cfg.c **** *
 153:Generated_Source\PSoC4/cyfitter_cfg.c **** *******************************************************************************/
 154:Generated_Source\PSoC4/cyfitter_cfg.c **** static void ClockSetup(void);
 155:Generated_Source\PSoC4/cyfitter_cfg.c **** CY_CFG_SECTION
ARM GAS  C:\Users\CHRIST~1\AppData\Local\Temp\ccyt2ogH.s 			page 6


 156:Generated_Source\PSoC4/cyfitter_cfg.c **** static void ClockSetup(void)
 157:Generated_Source\PSoC4/cyfitter_cfg.c **** {
 131              		.loc 1 157 0
 132              		.cfi_startproc
 133 0000 80B5     		push	{r7, lr}
 134              		.cfi_def_cfa_offset 8
 135              		.cfi_offset 7, -8
 136              		.cfi_offset 14, -4
 137 0002 00AF     		add	r7, sp, #0
 138              		.cfi_def_cfa_register 7
 158:Generated_Source\PSoC4/cyfitter_cfg.c **** 
 159:Generated_Source\PSoC4/cyfitter_cfg.c **** 	/* Set Flash Cycles based on max possible frequency in case a glitch occurs during ClockSetup(). *
 160:Generated_Source\PSoC4/cyfitter_cfg.c **** 	CY_SET_REG32((void CYXDATA *)(CYREG_CPUSS_FLASH_CTL), (0x0012u));
 139              		.loc 1 160 0
 140 0004 2E4B     		ldr	r3, .L5
 141 0006 1222     		mov	r2, #18
 142 0008 1A60     		str	r2, [r3]
 161:Generated_Source\PSoC4/cyfitter_cfg.c **** 	/* Update IMO to new clock speed. */
 162:Generated_Source\PSoC4/cyfitter_cfg.c **** 	CySysClkWriteImoFreq(48u);
 143              		.loc 1 162 0
 144 000a 3020     		mov	r0, #48
 145 000c FFF7FEFF 		bl	CySysClkWriteImoFreq
 163:Generated_Source\PSoC4/cyfitter_cfg.c **** 
 164:Generated_Source\PSoC4/cyfitter_cfg.c **** 	/* Setup phase aligned clocks */
 165:Generated_Source\PSoC4/cyfitter_cfg.c **** 	CY_SET_REG32((void *)CYREG_PERI_DIV_16_CTL1, 0x00000100u);
 146              		.loc 1 165 0
 147 0010 2C4B     		ldr	r3, .L5+4
 148 0012 8022     		mov	r2, #128
 149 0014 5200     		lsl	r2, r2, #1
 150 0016 1A60     		str	r2, [r3]
 166:Generated_Source\PSoC4/cyfitter_cfg.c **** 	CY_SET_REG32((void *)CYREG_PERI_DIV_CMD, 0x8000FF41u);
 151              		.loc 1 166 0
 152 0018 8023     		mov	r3, #128
 153 001a DB05     		lsl	r3, r3, #23
 154 001c 2A4A     		ldr	r2, .L5+8
 155 001e 1A60     		str	r2, [r3]
 167:Generated_Source\PSoC4/cyfitter_cfg.c **** 	CY_SET_REG32((void *)CYREG_PERI_DIV_16_5_CTL1, 0x00000500u);
 156              		.loc 1 167 0
 157 0020 2A4B     		ldr	r3, .L5+12
 158 0022 A022     		mov	r2, #160
 159 0024 D200     		lsl	r2, r2, #3
 160 0026 1A60     		str	r2, [r3]
 168:Generated_Source\PSoC4/cyfitter_cfg.c **** 	CY_SET_REG32((void *)CYREG_PERI_DIV_CMD, 0x8000FF81u);
 161              		.loc 1 168 0
 162 0028 8023     		mov	r3, #128
 163 002a DB05     		lsl	r3, r3, #23
 164 002c 284A     		ldr	r2, .L5+16
 165 002e 1A60     		str	r2, [r3]
 169:Generated_Source\PSoC4/cyfitter_cfg.c **** 	CY_SET_REG32((void *)CYREG_PERI_DIV_16_CTL3, 0x00001700u);
 166              		.loc 1 169 0
 167 0030 284B     		ldr	r3, .L5+20
 168 0032 B822     		mov	r2, #184
 169 0034 5201     		lsl	r2, r2, #5
 170 0036 1A60     		str	r2, [r3]
 170:Generated_Source\PSoC4/cyfitter_cfg.c **** 	CY_SET_REG32((void *)CYREG_PERI_DIV_CMD, 0x8000FF43u);
 171              		.loc 1 170 0
 172 0038 8023     		mov	r3, #128
ARM GAS  C:\Users\CHRIST~1\AppData\Local\Temp\ccyt2ogH.s 			page 7


 173 003a DB05     		lsl	r3, r3, #23
 174 003c 264A     		ldr	r2, .L5+24
 175 003e 1A60     		str	r2, [r3]
 171:Generated_Source\PSoC4/cyfitter_cfg.c **** 	CY_SET_REG32((void *)CYREG_PERI_DIV_16_5_CTL0, 0x00000208u);
 176              		.loc 1 171 0
 177 0040 264B     		ldr	r3, .L5+28
 178 0042 8222     		mov	r2, #130
 179 0044 9200     		lsl	r2, r2, #2
 180 0046 1A60     		str	r2, [r3]
 172:Generated_Source\PSoC4/cyfitter_cfg.c **** 	CY_SET_REG32((void *)CYREG_PERI_DIV_CMD, 0x8000FF80u);
 181              		.loc 1 172 0
 182 0048 8023     		mov	r3, #128
 183 004a DB05     		lsl	r3, r3, #23
 184 004c 244A     		ldr	r2, .L5+32
 185 004e 1A60     		str	r2, [r3]
 173:Generated_Source\PSoC4/cyfitter_cfg.c **** 	CY_SET_REG32((void *)CYREG_PERI_DIV_16_CTL4, 0x00BB7F00u);
 186              		.loc 1 173 0
 187 0050 244B     		ldr	r3, .L5+36
 188 0052 254A     		ldr	r2, .L5+40
 189 0054 1A60     		str	r2, [r3]
 174:Generated_Source\PSoC4/cyfitter_cfg.c **** 	CY_SET_REG32((void *)CYREG_PERI_DIV_CMD, 0x8000FF44u);
 190              		.loc 1 174 0
 191 0056 8023     		mov	r3, #128
 192 0058 DB05     		lsl	r3, r3, #23
 193 005a 244A     		ldr	r2, .L5+44
 194 005c 1A60     		str	r2, [r3]
 175:Generated_Source\PSoC4/cyfitter_cfg.c **** 	CY_SET_REG32((void *)CYREG_PERI_DIV_16_CTL0, 0x0000FE00u);
 195              		.loc 1 175 0
 196 005e 244B     		ldr	r3, .L5+48
 197 0060 FE22     		mov	r2, #254
 198 0062 1202     		lsl	r2, r2, #8
 199 0064 1A60     		str	r2, [r3]
 176:Generated_Source\PSoC4/cyfitter_cfg.c **** 	CY_SET_REG32((void *)CYREG_PERI_DIV_CMD, 0x8000FF40u);
 200              		.loc 1 176 0
 201 0066 8023     		mov	r3, #128
 202 0068 DB05     		lsl	r3, r3, #23
 203 006a 224A     		ldr	r2, .L5+52
 204 006c 1A60     		str	r2, [r3]
 177:Generated_Source\PSoC4/cyfitter_cfg.c **** 	CY_SET_REG32((void *)CYREG_PERI_DIV_16_CTL2, 0x00000500u);
 205              		.loc 1 177 0
 206 006e 224B     		ldr	r3, .L5+56
 207 0070 A022     		mov	r2, #160
 208 0072 D200     		lsl	r2, r2, #3
 209 0074 1A60     		str	r2, [r3]
 178:Generated_Source\PSoC4/cyfitter_cfg.c **** 	CY_SET_REG32((void *)CYREG_PERI_DIV_CMD, 0x8000FF42u);
 210              		.loc 1 178 0
 211 0076 8023     		mov	r3, #128
 212 0078 DB05     		lsl	r3, r3, #23
 213 007a 204A     		ldr	r2, .L5+60
 214 007c 1A60     		str	r2, [r3]
 179:Generated_Source\PSoC4/cyfitter_cfg.c **** 
 180:Generated_Source\PSoC4/cyfitter_cfg.c **** 	/* CYDEV_CLK_SELECT Starting address: CYDEV_CLK_SELECT */
 181:Generated_Source\PSoC4/cyfitter_cfg.c **** 	CY_SET_XTND_REG32((void CYFAR *)(CYREG_CLK_SELECT), 0x00000020u);
 215              		.loc 1 181 0
 216 007e 204B     		ldr	r3, .L5+64
 217 0080 2022     		mov	r2, #32
 218 0082 1A60     		str	r2, [r3]
ARM GAS  C:\Users\CHRIST~1\AppData\Local\Temp\ccyt2ogH.s 			page 8


 182:Generated_Source\PSoC4/cyfitter_cfg.c **** 
 183:Generated_Source\PSoC4/cyfitter_cfg.c **** 	/* CYDEV_PERI_PCLK_CTL14 Starting address: CYDEV_PERI_PCLK_CTL14 */
 184:Generated_Source\PSoC4/cyfitter_cfg.c **** 	CY_SET_XTND_REG32((void CYFAR *)(CYREG_PERI_PCLK_CTL14), 0x00000081u);
 219              		.loc 1 184 0
 220 0084 1F4B     		ldr	r3, .L5+68
 221 0086 8122     		mov	r2, #129
 222 0088 1A60     		str	r2, [r3]
 185:Generated_Source\PSoC4/cyfitter_cfg.c **** 
 186:Generated_Source\PSoC4/cyfitter_cfg.c **** 	/* CYDEV_PERI_PCLK_CTL13 Starting address: CYDEV_PERI_PCLK_CTL13 */
 187:Generated_Source\PSoC4/cyfitter_cfg.c **** 	CY_SET_XTND_REG32((void CYFAR *)(CYREG_PERI_PCLK_CTL13), 0x00000043u);
 223              		.loc 1 187 0
 224 008a 1F4B     		ldr	r3, .L5+72
 225 008c 4322     		mov	r2, #67
 226 008e 1A60     		str	r2, [r3]
 188:Generated_Source\PSoC4/cyfitter_cfg.c **** 
 189:Generated_Source\PSoC4/cyfitter_cfg.c **** 	/* CYDEV_PERI_PCLK_CTL12 Starting address: CYDEV_PERI_PCLK_CTL12 */
 190:Generated_Source\PSoC4/cyfitter_cfg.c **** 	CY_SET_XTND_REG32((void CYFAR *)(CYREG_PERI_PCLK_CTL12), 0x00000043u);
 227              		.loc 1 190 0
 228 0090 1E4B     		ldr	r3, .L5+76
 229 0092 4322     		mov	r2, #67
 230 0094 1A60     		str	r2, [r3]
 191:Generated_Source\PSoC4/cyfitter_cfg.c **** 
 192:Generated_Source\PSoC4/cyfitter_cfg.c **** 	/* CYDEV_PERI_PCLK_CTL9 Starting address: CYDEV_PERI_PCLK_CTL9 */
 193:Generated_Source\PSoC4/cyfitter_cfg.c **** 	CY_SET_XTND_REG32((void CYFAR *)(CYREG_PERI_PCLK_CTL9), 0x00000080u);
 231              		.loc 1 193 0
 232 0096 1E4B     		ldr	r3, .L5+80
 233 0098 8022     		mov	r2, #128
 234 009a 1A60     		str	r2, [r3]
 194:Generated_Source\PSoC4/cyfitter_cfg.c **** 
 195:Generated_Source\PSoC4/cyfitter_cfg.c **** 	/* CYDEV_PERI_PCLK_CTL4 Starting address: CYDEV_PERI_PCLK_CTL4 */
 196:Generated_Source\PSoC4/cyfitter_cfg.c **** 	CY_SET_XTND_REG32((void CYFAR *)(CYREG_PERI_PCLK_CTL4), 0x00000044u);
 235              		.loc 1 196 0
 236 009c 1D4B     		ldr	r3, .L5+84
 237 009e 4422     		mov	r2, #68
 238 00a0 1A60     		str	r2, [r3]
 197:Generated_Source\PSoC4/cyfitter_cfg.c **** 
 198:Generated_Source\PSoC4/cyfitter_cfg.c **** 	/* CYDEV_PERI_PCLK_CTL3 Starting address: CYDEV_PERI_PCLK_CTL3 */
 199:Generated_Source\PSoC4/cyfitter_cfg.c **** 	CY_SET_XTND_REG32((void CYFAR *)(CYREG_PERI_PCLK_CTL3), 0x00000040u);
 239              		.loc 1 199 0
 240 00a2 1D4B     		ldr	r3, .L5+88
 241 00a4 4022     		mov	r2, #64
 242 00a6 1A60     		str	r2, [r3]
 200:Generated_Source\PSoC4/cyfitter_cfg.c **** 
 201:Generated_Source\PSoC4/cyfitter_cfg.c **** 	/* CYDEV_PERI_PCLK_CTL2 Starting address: CYDEV_PERI_PCLK_CTL2 */
 202:Generated_Source\PSoC4/cyfitter_cfg.c **** 	CY_SET_XTND_REG32((void CYFAR *)(CYREG_PERI_PCLK_CTL2), 0x00000042u);
 243              		.loc 1 202 0
 244 00a8 1C4B     		ldr	r3, .L5+92
 245 00aa 4222     		mov	r2, #66
 246 00ac 1A60     		str	r2, [r3]
 203:Generated_Source\PSoC4/cyfitter_cfg.c **** 
 204:Generated_Source\PSoC4/cyfitter_cfg.c **** 	CY_SET_XTND_REG32((void CYFAR *)(CYREG_WCO_WDT_CONFIG), 0x00000000u);
 247              		.loc 1 204 0
 248 00ae 1C4B     		ldr	r3, .L5+96
 249 00b0 0022     		mov	r2, #0
 250 00b2 1A60     		str	r2, [r3]
 205:Generated_Source\PSoC4/cyfitter_cfg.c **** 	CySysClkSetTimerSource(CY_SYS_CLK_TIMER_SRC_ILO);
 251              		.loc 1 205 0
ARM GAS  C:\Users\CHRIST~1\AppData\Local\Temp\ccyt2ogH.s 			page 9


 252 00b4 0020     		mov	r0, #0
 253 00b6 FFF7FEFF 		bl	CySysClkSetTimerSource
 206:Generated_Source\PSoC4/cyfitter_cfg.c **** }
 254              		.loc 1 206 0
 255 00ba BD46     		mov	sp, r7
 256              		@ sp needed
 257 00bc 80BD     		pop	{r7, pc}
 258              	.L6:
 259 00be C046     		.align	2
 260              	.L5:
 261 00c0 30001040 		.word	1074790448
 262 00c4 04030040 		.word	1073742596
 263 00c8 41FF0080 		.word	-2147418303
 264 00cc 04040040 		.word	1073742852
 265 00d0 81FF0080 		.word	-2147418239
 266 00d4 0C030040 		.word	1073742604
 267 00d8 43FF0080 		.word	-2147418301
 268 00dc 00040040 		.word	1073742848
 269 00e0 80FF0080 		.word	-2147418240
 270 00e4 10030040 		.word	1073742608
 271 00e8 007FBB00 		.word	12287744
 272 00ec 44FF0080 		.word	-2147418300
 273 00f0 00030040 		.word	1073742592
 274 00f4 40FF0080 		.word	-2147418304
 275 00f8 08030040 		.word	1073742600
 276 00fc 42FF0080 		.word	-2147418302
 277 0100 28000340 		.word	1073938472
 278 0104 38010040 		.word	1073742136
 279 0108 34010040 		.word	1073742132
 280 010c 30010040 		.word	1073742128
 281 0110 24010040 		.word	1073742116
 282 0114 10010040 		.word	1073742096
 283 0118 0C010040 		.word	1073742092
 284 011c 08010040 		.word	1073742088
 285 0120 0C020640 		.word	1074135564
 286              		.cfi_endproc
 287              	.LFE4:
 288              		.size	ClockSetup, .-ClockSetup
 289              		.section	.text.AnalogSetDefault,"ax",%progbits
 290              		.align	2
 291              		.code	16
 292              		.thumb_func
 293              		.type	AnalogSetDefault, %function
 294              	AnalogSetDefault:
 295              	.LFB5:
 207:Generated_Source\PSoC4/cyfitter_cfg.c **** 
 208:Generated_Source\PSoC4/cyfitter_cfg.c **** 
 209:Generated_Source\PSoC4/cyfitter_cfg.c **** /* Analog API Functions */
 210:Generated_Source\PSoC4/cyfitter_cfg.c **** 
 211:Generated_Source\PSoC4/cyfitter_cfg.c **** 
 212:Generated_Source\PSoC4/cyfitter_cfg.c **** /*******************************************************************************
 213:Generated_Source\PSoC4/cyfitter_cfg.c **** * Function Name: AnalogSetDefault
 214:Generated_Source\PSoC4/cyfitter_cfg.c **** ********************************************************************************
 215:Generated_Source\PSoC4/cyfitter_cfg.c **** *
 216:Generated_Source\PSoC4/cyfitter_cfg.c **** * Summary:
 217:Generated_Source\PSoC4/cyfitter_cfg.c **** *  Sets up the analog portions of the chip to default values based on chip
 218:Generated_Source\PSoC4/cyfitter_cfg.c **** *  configuration options from the project.
ARM GAS  C:\Users\CHRIST~1\AppData\Local\Temp\ccyt2ogH.s 			page 10


 219:Generated_Source\PSoC4/cyfitter_cfg.c **** *
 220:Generated_Source\PSoC4/cyfitter_cfg.c **** * Parameters:
 221:Generated_Source\PSoC4/cyfitter_cfg.c **** *  void
 222:Generated_Source\PSoC4/cyfitter_cfg.c **** *
 223:Generated_Source\PSoC4/cyfitter_cfg.c **** * Return:
 224:Generated_Source\PSoC4/cyfitter_cfg.c **** *  void
 225:Generated_Source\PSoC4/cyfitter_cfg.c **** *
 226:Generated_Source\PSoC4/cyfitter_cfg.c **** *******************************************************************************/
 227:Generated_Source\PSoC4/cyfitter_cfg.c **** static void AnalogSetDefault(void);
 228:Generated_Source\PSoC4/cyfitter_cfg.c **** static void AnalogSetDefault(void)
 229:Generated_Source\PSoC4/cyfitter_cfg.c **** {
 296              		.loc 1 229 0
 297              		.cfi_startproc
 298 0000 80B5     		push	{r7, lr}
 299              		.cfi_def_cfa_offset 8
 300              		.cfi_offset 7, -8
 301              		.cfi_offset 14, -4
 302 0002 00AF     		add	r7, sp, #0
 303              		.cfi_def_cfa_register 7
 230:Generated_Source\PSoC4/cyfitter_cfg.c **** 	CY_SET_XTND_REG32((void CYFAR *)CYREG_HSIOM_AMUX_SPLIT_CTL2, 0x00000003u);
 304              		.loc 1 230 0
 305 0004 294B     		ldr	r3, .L8
 306 0006 0322     		mov	r2, #3
 307 0008 1A60     		str	r2, [r3]
 231:Generated_Source\PSoC4/cyfitter_cfg.c **** 	CY_SET_XTND_REG32((void CYFAR *)CYREG_CSD_SW_DSI_SEL, 0x00000010u);
 308              		.loc 1 231 0
 309 000a 294B     		ldr	r3, .L8+4
 310 000c 1022     		mov	r2, #16
 311 000e 1A60     		str	r2, [r3]
 232:Generated_Source\PSoC4/cyfitter_cfg.c **** 	CY_SET_XTND_REG32((void CYFAR *)CYREG_CTB0_CTB_CTRL, 0x80000000u);
 312              		.loc 1 232 0
 313 0010 284B     		ldr	r3, .L8+8
 314 0012 8022     		mov	r2, #128
 315 0014 1206     		lsl	r2, r2, #24
 316 0016 1A60     		str	r2, [r3]
 233:Generated_Source\PSoC4/cyfitter_cfg.c **** 	CY_SET_XTND_REG32((void CYFAR *)CYREG_CTB0_OA0_SW, 0x00800804u);
 317              		.loc 1 233 0
 318 0018 274B     		ldr	r3, .L8+12
 319 001a 284A     		ldr	r2, .L8+16
 320 001c 1A60     		str	r2, [r3]
 234:Generated_Source\PSoC4/cyfitter_cfg.c **** 	CY_SET_XTND_REG32((void CYFAR *)CYREG_CTB0_OA1_SW, 0x01001002u);
 321              		.loc 1 234 0
 322 001e 284B     		ldr	r3, .L8+20
 323 0020 284A     		ldr	r2, .L8+24
 324 0022 1A60     		str	r2, [r3]
 235:Generated_Source\PSoC4/cyfitter_cfg.c **** 	CY_SET_XTND_REG32((void CYFAR *)CYREG_CTB0_CTBBUS_SW, 0x01000020u);
 325              		.loc 1 235 0
 326 0024 284B     		ldr	r3, .L8+28
 327 0026 294A     		ldr	r2, .L8+32
 328 0028 1A60     		str	r2, [r3]
 236:Generated_Source\PSoC4/cyfitter_cfg.c **** 	CY_SET_XTND_REG32((void CYFAR *)CYREG_CTB0_CTB_SW_HW_CTRL, 0x00010020u);
 329              		.loc 1 236 0
 330 002a 294B     		ldr	r3, .L8+36
 331 002c 294A     		ldr	r2, .L8+40
 332 002e 1A60     		str	r2, [r3]
 237:Generated_Source\PSoC4/cyfitter_cfg.c **** 	CY_SET_XTND_REG32((void CYFAR *)CYREG_CTB1_CTB_CTRL, 0x80000000u);
 333              		.loc 1 237 0
ARM GAS  C:\Users\CHRIST~1\AppData\Local\Temp\ccyt2ogH.s 			page 11


 334 0030 294B     		ldr	r3, .L8+44
 335 0032 8022     		mov	r2, #128
 336 0034 1206     		lsl	r2, r2, #24
 337 0036 1A60     		str	r2, [r3]
 238:Generated_Source\PSoC4/cyfitter_cfg.c **** 	CY_SET_XTND_REG32((void CYFAR *)CYREG_CTB1_OA0_SW, 0x00024102u);
 338              		.loc 1 238 0
 339 0038 284B     		ldr	r3, .L8+48
 340 003a 294A     		ldr	r2, .L8+52
 341 003c 1A60     		str	r2, [r3]
 239:Generated_Source\PSoC4/cyfitter_cfg.c **** 	CY_SET_XTND_REG32((void CYFAR *)CYREG_CTB1_OA1_SW, 0x01880010u);
 342              		.loc 1 239 0
 343 003e 294B     		ldr	r3, .L8+56
 344 0040 294A     		ldr	r2, .L8+60
 345 0042 1A60     		str	r2, [r3]
 240:Generated_Source\PSoC4/cyfitter_cfg.c **** 	CY_SET_XTND_REG32((void CYFAR *)CYREG_ART_CTRL, 0x80000000u);
 346              		.loc 1 240 0
 347 0044 294B     		ldr	r3, .L8+64
 348 0046 8022     		mov	r2, #128
 349 0048 1206     		lsl	r2, r2, #24
 350 004a 1A60     		str	r2, [r3]
 241:Generated_Source\PSoC4/cyfitter_cfg.c **** 	CY_SET_XTND_REG32((void CYFAR *)CYREG_ART_SARMUXVPLUS_SW, 0x01000007u);
 351              		.loc 1 241 0
 352 004c 284B     		ldr	r3, .L8+68
 353 004e 294A     		ldr	r2, .L8+72
 354 0050 1A60     		str	r2, [r3]
 242:Generated_Source\PSoC4/cyfitter_cfg.c **** 	CY_SET_XTND_REG32((void CYFAR *)CYREG_ART_SARMUXVMINUS_SW, 0x02000002u);
 355              		.loc 1 242 0
 356 0052 294B     		ldr	r3, .L8+76
 357 0054 294A     		ldr	r2, .L8+80
 358 0056 1A60     		str	r2, [r3]
 243:Generated_Source\PSoC4/cyfitter_cfg.c **** 	CY_SET_XTND_REG32((void CYFAR *)CYREG_ART_SARMUX_SW_HW_CTRL, 0x00000007u);
 359              		.loc 1 243 0
 360 0058 294B     		ldr	r3, .L8+84
 361 005a 0722     		mov	r2, #7
 362 005c 1A60     		str	r2, [r3]
 244:Generated_Source\PSoC4/cyfitter_cfg.c **** 	CY_SET_XTND_REG32((void CYFAR *)CYREG_ART_UAB0VIN02_SW, 0x00000008u);
 363              		.loc 1 244 0
 364 005e 294B     		ldr	r3, .L8+88
 365 0060 0822     		mov	r2, #8
 366 0062 1A60     		str	r2, [r3]
 245:Generated_Source\PSoC4/cyfitter_cfg.c **** 	CY_SET_XTND_REG32((void CYFAR *)CYREG_ART_UAB0VIN12_SW, 0x00000040u);
 367              		.loc 1 245 0
 368 0064 284B     		ldr	r3, .L8+92
 369 0066 4022     		mov	r2, #64
 370 0068 1A60     		str	r2, [r3]
 246:Generated_Source\PSoC4/cyfitter_cfg.c **** 	CY_SET_XTND_REG32((void CYFAR *)CYREG_ART_UAB0VREF_SW, 0x08000800u);
 371              		.loc 1 246 0
 372 006a 284B     		ldr	r3, .L8+96
 373 006c 284A     		ldr	r2, .L8+100
 374 006e 1A60     		str	r2, [r3]
 247:Generated_Source\PSoC4/cyfitter_cfg.c **** 	CY_SET_XTND_REG32((void CYFAR *)CYREG_ART_CTB1VREF_SW, 0x00080002u);
 375              		.loc 1 247 0
 376 0070 284B     		ldr	r3, .L8+104
 377 0072 294A     		ldr	r2, .L8+108
 378 0074 1A60     		str	r2, [r3]
 248:Generated_Source\PSoC4/cyfitter_cfg.c **** 	CY_SET_XTND_REG32((void CYFAR *)CYREG_SAR_CTRL, 0x80000000u);
 379              		.loc 1 248 0
ARM GAS  C:\Users\CHRIST~1\AppData\Local\Temp\ccyt2ogH.s 			page 12


 380 0076 294B     		ldr	r3, .L8+112
 381 0078 8022     		mov	r2, #128
 382 007a 1206     		lsl	r2, r2, #24
 383 007c 1A60     		str	r2, [r3]
 249:Generated_Source\PSoC4/cyfitter_cfg.c **** 	CY_SET_XTND_REG32((void CYFAR *)CYREG_SAR_MUX_SWITCH0, 0x004002E0u);
 384              		.loc 1 249 0
 385 007e 284B     		ldr	r3, .L8+116
 386 0080 284A     		ldr	r2, .L8+120
 387 0082 1A60     		str	r2, [r3]
 250:Generated_Source\PSoC4/cyfitter_cfg.c **** 	CY_SET_XTND_REG32((void CYFAR *)CYREG_SAR_MUX_SWITCH_HW_CTRL, 0x004000E2u);
 388              		.loc 1 250 0
 389 0084 284B     		ldr	r3, .L8+124
 390 0086 294A     		ldr	r2, .L8+128
 391 0088 1A60     		str	r2, [r3]
 251:Generated_Source\PSoC4/cyfitter_cfg.c **** 	CY_SET_XTND_REG32((void CYFAR *)CYREG_PASS_PASS_CTRL, 0x00000003u);
 392              		.loc 1 251 0
 393 008a 294B     		ldr	r3, .L8+132
 394 008c 0322     		mov	r2, #3
 395 008e 1A60     		str	r2, [r3]
 252:Generated_Source\PSoC4/cyfitter_cfg.c **** 	CY_SET_XTND_REG32((void CYFAR *)CYREG_PASS_PRB_CTRL, 0x80000001u);
 396              		.loc 1 252 0
 397 0090 284B     		ldr	r3, .L8+136
 398 0092 294A     		ldr	r2, .L8+140
 399 0094 1A60     		str	r2, [r3]
 253:Generated_Source\PSoC4/cyfitter_cfg.c **** 	CY_SET_XTND_REG32((void CYFAR *)CYREG_PASS_PRB_REF0, 0x000000F1u);
 400              		.loc 1 253 0
 401 0096 294B     		ldr	r3, .L8+144
 402 0098 F122     		mov	r2, #241
 403 009a 1A60     		str	r2, [r3]
 254:Generated_Source\PSoC4/cyfitter_cfg.c **** 	CY_SET_XTND_REG32((void CYFAR *)CYREG_PASS_DSAB_DSAB_CTRL, 0x00000000u);
 404              		.loc 1 254 0
 405 009c 284B     		ldr	r3, .L8+148
 406 009e 0022     		mov	r2, #0
 407 00a0 1A60     		str	r2, [r3]
 255:Generated_Source\PSoC4/cyfitter_cfg.c **** 	SetAnalogRoutingPumps(1);
 408              		.loc 1 255 0
 409 00a2 0120     		mov	r0, #1
 410 00a4 FFF7FEFF 		bl	SetAnalogRoutingPumps
 256:Generated_Source\PSoC4/cyfitter_cfg.c **** }
 411              		.loc 1 256 0
 412 00a8 BD46     		mov	sp, r7
 413              		@ sp needed
 414 00aa 80BD     		pop	{r7, pc}
 415              	.L9:
 416              		.align	2
 417              	.L8:
 418 00ac 08210240 		.word	1073881352
 419 00b0 C0020C40 		.word	1074528960
 420 00b4 00003040 		.word	1076887552
 421 00b8 80003040 		.word	1076887680
 422 00bc 04088000 		.word	8390660
 423 00c0 88003040 		.word	1076887688
 424 00c4 02100001 		.word	16781314
 425 00c8 90003040 		.word	1076887696
 426 00cc 20000001 		.word	16777248
 427 00d0 C0003040 		.word	1076887744
 428 00d4 20000100 		.word	65568
ARM GAS  C:\Users\CHRIST~1\AppData\Local\Temp\ccyt2ogH.s 			page 13


 429 00d8 00003140 		.word	1076953088
 430 00dc 80003140 		.word	1076953216
 431 00e0 02410200 		.word	147714
 432 00e4 88003140 		.word	1076953224
 433 00e8 10008801 		.word	25690128
 434 00ec 00003840 		.word	1077411840
 435 00f0 10003840 		.word	1077411856
 436 00f4 07000001 		.word	16777223
 437 00f8 18003840 		.word	1077411864
 438 00fc 02000002 		.word	33554434
 439 0100 60003840 		.word	1077411936
 440 0104 10013840 		.word	1077412112
 441 0108 30013840 		.word	1077412144
 442 010c 48013840 		.word	1077412168
 443 0110 00080008 		.word	134219776
 444 0114 C0013840 		.word	1077412288
 445 0118 02000800 		.word	524290
 446 011c 00003A40 		.word	1077542912
 447 0120 00033A40 		.word	1077543680
 448 0124 E0024000 		.word	4195040
 449 0128 40033A40 		.word	1077543744
 450 012c E2004000 		.word	4194530
 451 0130 08013F40 		.word	1077870856
 452 0134 00023F40 		.word	1077871104
 453 0138 01000080 		.word	-2147483647
 454 013c 04023F40 		.word	1077871108
 455 0140 000E3F40 		.word	1077874176
 456              		.cfi_endproc
 457              	.LFE5:
 458              		.size	AnalogSetDefault, .-AnalogSetDefault
 459              		.section	.text.SetAnalogRoutingPumps,"ax",%progbits
 460              		.align	2
 461              		.global	SetAnalogRoutingPumps
 462              		.code	16
 463              		.thumb_func
 464              		.type	SetAnalogRoutingPumps, %function
 465              	SetAnalogRoutingPumps:
 466              	.LFB6:
 257:Generated_Source\PSoC4/cyfitter_cfg.c **** 
 258:Generated_Source\PSoC4/cyfitter_cfg.c **** 
 259:Generated_Source\PSoC4/cyfitter_cfg.c **** /*******************************************************************************
 260:Generated_Source\PSoC4/cyfitter_cfg.c **** * Function Name: SetAnalogRoutingPumps
 261:Generated_Source\PSoC4/cyfitter_cfg.c **** ********************************************************************************
 262:Generated_Source\PSoC4/cyfitter_cfg.c **** *
 263:Generated_Source\PSoC4/cyfitter_cfg.c **** * Summary:
 264:Generated_Source\PSoC4/cyfitter_cfg.c **** * Enables or disables the analog pumps feeding analog routing switches.
 265:Generated_Source\PSoC4/cyfitter_cfg.c **** * Intended to be called at startup, based on the Vdda system configuration;
 266:Generated_Source\PSoC4/cyfitter_cfg.c **** * may be called during operation when the user informs us that the Vdda voltage crossed the pump th
 267:Generated_Source\PSoC4/cyfitter_cfg.c **** *
 268:Generated_Source\PSoC4/cyfitter_cfg.c **** * Parameters:
 269:Generated_Source\PSoC4/cyfitter_cfg.c **** *  enabled - 1 to enable the pumps, 0 to disable the pumps
 270:Generated_Source\PSoC4/cyfitter_cfg.c **** *
 271:Generated_Source\PSoC4/cyfitter_cfg.c **** * Return:
 272:Generated_Source\PSoC4/cyfitter_cfg.c **** *  void
 273:Generated_Source\PSoC4/cyfitter_cfg.c **** *
 274:Generated_Source\PSoC4/cyfitter_cfg.c **** *******************************************************************************/
 275:Generated_Source\PSoC4/cyfitter_cfg.c **** void SetAnalogRoutingPumps(uint8 enabled)
ARM GAS  C:\Users\CHRIST~1\AppData\Local\Temp\ccyt2ogH.s 			page 14


 276:Generated_Source\PSoC4/cyfitter_cfg.c **** {
 467              		.loc 1 276 0
 468              		.cfi_startproc
 469 0000 80B5     		push	{r7, lr}
 470              		.cfi_def_cfa_offset 8
 471              		.cfi_offset 7, -8
 472              		.cfi_offset 14, -4
 473 0002 84B0     		sub	sp, sp, #16
 474              		.cfi_def_cfa_offset 24
 475 0004 00AF     		add	r7, sp, #0
 476              		.cfi_def_cfa_register 7
 477 0006 021C     		mov	r2, r0
 478 0008 FB1D     		add	r3, r7, #7
 479 000a 1A70     		strb	r2, [r3]
 277:Generated_Source\PSoC4/cyfitter_cfg.c **** 	uint32 regValue = CY_GET_XTND_REG32((void *)(CYREG_SAR_PUMP_CTRL));
 480              		.loc 1 277 0
 481 000c 0B4B     		ldr	r3, .L13
 482 000e 1B68     		ldr	r3, [r3]
 483 0010 FB60     		str	r3, [r7, #12]
 278:Generated_Source\PSoC4/cyfitter_cfg.c **** 	if (enabled != 0u)
 484              		.loc 1 278 0
 485 0012 FB1D     		add	r3, r7, #7
 486 0014 1B78     		ldrb	r3, [r3]
 487 0016 002B     		cmp	r3, #0
 488 0018 05D0     		beq	.L11
 279:Generated_Source\PSoC4/cyfitter_cfg.c **** 	{
 280:Generated_Source\PSoC4/cyfitter_cfg.c **** 		regValue |= 0x80000000u;
 489              		.loc 1 280 0
 490 001a FB68     		ldr	r3, [r7, #12]
 491 001c 8022     		mov	r2, #128
 492 001e 1206     		lsl	r2, r2, #24
 493 0020 1343     		orr	r3, r2
 494 0022 FB60     		str	r3, [r7, #12]
 495 0024 03E0     		b	.L12
 496              	.L11:
 281:Generated_Source\PSoC4/cyfitter_cfg.c **** 	}
 282:Generated_Source\PSoC4/cyfitter_cfg.c **** 	else
 283:Generated_Source\PSoC4/cyfitter_cfg.c **** 	{
 284:Generated_Source\PSoC4/cyfitter_cfg.c **** 		regValue &= ~0x80000000u;
 497              		.loc 1 284 0
 498 0026 FB68     		ldr	r3, [r7, #12]
 499 0028 5B00     		lsl	r3, r3, #1
 500 002a 5B08     		lsr	r3, r3, #1
 501 002c FB60     		str	r3, [r7, #12]
 502              	.L12:
 285:Generated_Source\PSoC4/cyfitter_cfg.c **** 	}
 286:Generated_Source\PSoC4/cyfitter_cfg.c **** 	CY_SET_XTND_REG32((void *)(CYREG_SAR_PUMP_CTRL), regValue);
 503              		.loc 1 286 0
 504 002e 034B     		ldr	r3, .L13
 505 0030 FA68     		ldr	r2, [r7, #12]
 506 0032 1A60     		str	r2, [r3]
 287:Generated_Source\PSoC4/cyfitter_cfg.c **** }
 507              		.loc 1 287 0
 508 0034 BD46     		mov	sp, r7
 509 0036 04B0     		add	sp, sp, #16
 510              		@ sp needed
 511 0038 80BD     		pop	{r7, pc}
ARM GAS  C:\Users\CHRIST~1\AppData\Local\Temp\ccyt2ogH.s 			page 15


 512              	.L14:
 513 003a C046     		.align	2
 514              	.L13:
 515 003c 80033A40 		.word	1077543808
 516              		.cfi_endproc
 517              	.LFE6:
 518              		.size	SetAnalogRoutingPumps, .-SetAnalogRoutingPumps
 519              		.section	.psocinit
 520              		.align	2
 521              		.global	cyfitter_cfg
 522              		.code	16
 523              		.thumb_func
 524              		.type	cyfitter_cfg, %function
 525              	cyfitter_cfg:
 526              	.LFB7:
 288:Generated_Source\PSoC4/cyfitter_cfg.c **** 
 289:Generated_Source\PSoC4/cyfitter_cfg.c **** #define CY_AMUX_UNUSED CYREG_CM0P_ROM_DWT
 290:Generated_Source\PSoC4/cyfitter_cfg.c **** 
 291:Generated_Source\PSoC4/cyfitter_cfg.c **** 
 292:Generated_Source\PSoC4/cyfitter_cfg.c **** /*******************************************************************************
 293:Generated_Source\PSoC4/cyfitter_cfg.c **** * Function Name: cyfitter_cfg
 294:Generated_Source\PSoC4/cyfitter_cfg.c **** ********************************************************************************
 295:Generated_Source\PSoC4/cyfitter_cfg.c **** * Summary:
 296:Generated_Source\PSoC4/cyfitter_cfg.c **** *  This function is called by the start-up code for the selected device. It
 297:Generated_Source\PSoC4/cyfitter_cfg.c **** *  performs all of the necessary device configuration based on the design
 298:Generated_Source\PSoC4/cyfitter_cfg.c **** *  settings.  This includes settings from the Design Wide Resources (DWR) such
 299:Generated_Source\PSoC4/cyfitter_cfg.c **** *  as Clocks and Pins as well as any component configuration that is necessary.
 300:Generated_Source\PSoC4/cyfitter_cfg.c **** *
 301:Generated_Source\PSoC4/cyfitter_cfg.c **** * Parameters:  
 302:Generated_Source\PSoC4/cyfitter_cfg.c **** *   void
 303:Generated_Source\PSoC4/cyfitter_cfg.c **** *
 304:Generated_Source\PSoC4/cyfitter_cfg.c **** * Return:
 305:Generated_Source\PSoC4/cyfitter_cfg.c **** *   void
 306:Generated_Source\PSoC4/cyfitter_cfg.c **** *
 307:Generated_Source\PSoC4/cyfitter_cfg.c **** *******************************************************************************/
 308:Generated_Source\PSoC4/cyfitter_cfg.c **** CY_CFG_SECTION
 309:Generated_Source\PSoC4/cyfitter_cfg.c **** void cyfitter_cfg(void)
 310:Generated_Source\PSoC4/cyfitter_cfg.c **** {
 527              		.loc 1 310 0
 528              		.cfi_startproc
 529 0124 80B5     		push	{r7, lr}
 530              		.cfi_def_cfa_offset 8
 531              		.cfi_offset 7, -8
 532              		.cfi_offset 14, -4
 533 0126 00AF     		add	r7, sp, #0
 534              		.cfi_def_cfa_register 7
 311:Generated_Source\PSoC4/cyfitter_cfg.c **** 	/* Disable interrupts by default. Let user enable if/when they want. */
 312:Generated_Source\PSoC4/cyfitter_cfg.c **** 	CyGlobalIntDisable;
 535              		.loc 1 312 0
 536              	@ 312 "Generated_Source\PSoC4\cyfitter_cfg.c" 1
 537 0128 72B6     		CPSID   i
 538              	@ 0 "" 2
 313:Generated_Source\PSoC4/cyfitter_cfg.c **** 
 314:Generated_Source\PSoC4/cyfitter_cfg.c **** 	{
 315:Generated_Source\PSoC4/cyfitter_cfg.c **** 		/* HSIOM Starting address: CYDEV_HSIOM_BASE */
 316:Generated_Source\PSoC4/cyfitter_cfg.c **** 		CY_SET_XTND_REG32((void CYFAR *)(CYDEV_HSIOM_BASE), 0x000008EEu);
 539              		.loc 1 316 0
ARM GAS  C:\Users\CHRIST~1\AppData\Local\Temp\ccyt2ogH.s 			page 16


 540              		.code	16
 541 012a 234B     		ldr	r3, .L16
 542 012c 234A     		ldr	r2, .L16+4
 543 012e 1A60     		str	r2, [r3]
 317:Generated_Source\PSoC4/cyfitter_cfg.c **** 		CY_SET_XTND_REG32((void CYFAR *)(CYREG_HSIOM_PORT_SEL2), 0x00700000u);
 544              		.loc 1 317 0
 545 0130 234B     		ldr	r3, .L16+8
 546 0132 E022     		mov	r2, #224
 547 0134 D203     		lsl	r2, r2, #15
 548 0136 1A60     		str	r2, [r3]
 318:Generated_Source\PSoC4/cyfitter_cfg.c **** 		CY_SET_XTND_REG32((void CYFAR *)(CYREG_HSIOM_PORT_SEL3), 0x00000070u);
 549              		.loc 1 318 0
 550 0138 224B     		ldr	r3, .L16+12
 551 013a 7022     		mov	r2, #112
 552 013c 1A60     		str	r2, [r3]
 319:Generated_Source\PSoC4/cyfitter_cfg.c **** 		CY_SET_XTND_REG32((void CYFAR *)(CYREG_HSIOM_PORT_SEL4), 0x000000EEu);
 553              		.loc 1 319 0
 554 013e 224B     		ldr	r3, .L16+16
 555 0140 EE22     		mov	r2, #238
 556 0142 1A60     		str	r2, [r3]
 320:Generated_Source\PSoC4/cyfitter_cfg.c **** 
 321:Generated_Source\PSoC4/cyfitter_cfg.c **** 		/* PASS_SAR_TRIG_SEL Starting address: CYDEV_PASS_SAR_TRIG_SEL */
 322:Generated_Source\PSoC4/cyfitter_cfg.c **** 		CY_SET_XTND_REG32((void CYFAR *)(CYREG_PASS_SAR_TRIG_SEL), 0x00000000u);
 557              		.loc 1 322 0
 558 0144 214B     		ldr	r3, .L16+20
 559 0146 0022     		mov	r2, #0
 560 0148 1A60     		str	r2, [r3]
 323:Generated_Source\PSoC4/cyfitter_cfg.c **** 
 324:Generated_Source\PSoC4/cyfitter_cfg.c **** 		/* UAB0_SW_MODBIT_SRC0 Starting address: CYDEV_UAB0_SW_MODBIT_SRC0 */
 325:Generated_Source\PSoC4/cyfitter_cfg.c **** 		CY_SET_XTND_REG32((void CYFAR *)(CYREG_UAB0_SW_MODBIT_SRC0), 0x00000001u);
 561              		.loc 1 325 0
 562 014a 214B     		ldr	r3, .L16+24
 563 014c 0122     		mov	r2, #1
 564 014e 1A60     		str	r2, [r3]
 326:Generated_Source\PSoC4/cyfitter_cfg.c **** 
 327:Generated_Source\PSoC4/cyfitter_cfg.c **** 	}
 328:Generated_Source\PSoC4/cyfitter_cfg.c **** 
 329:Generated_Source\PSoC4/cyfitter_cfg.c **** 	/* Perform second pass device configuration. These items must be configured in specific order afte
 330:Generated_Source\PSoC4/cyfitter_cfg.c **** 	/* IOPINS0_0 Starting address: CYDEV_GPIO_PRT0_BASE */
 331:Generated_Source\PSoC4/cyfitter_cfg.c **** 	CY_SET_XTND_REG32((void CYFAR *)(CYDEV_GPIO_PRT0_BASE), 0x00000004u);
 565              		.loc 1 331 0
 566 0150 204B     		ldr	r3, .L16+28
 567 0152 0422     		mov	r2, #4
 568 0154 1A60     		str	r2, [r3]
 332:Generated_Source\PSoC4/cyfitter_cfg.c **** 	CY_SET_XTND_REG32((void CYFAR *)(CYREG_GPIO_PRT0_PC), 0x000001B6u);
 569              		.loc 1 332 0
 570 0156 204B     		ldr	r3, .L16+32
 571 0158 DB22     		mov	r2, #219
 572 015a 5200     		lsl	r2, r2, #1
 573 015c 1A60     		str	r2, [r3]
 333:Generated_Source\PSoC4/cyfitter_cfg.c **** 
 334:Generated_Source\PSoC4/cyfitter_cfg.c **** 	/* IOPINS0_1 Starting address: CYDEV_GPIO_PRT1_BASE */
 335:Generated_Source\PSoC4/cyfitter_cfg.c **** 	CY_SET_XTND_REG32((void CYFAR *)(CYDEV_GPIO_PRT1_BASE), 0x000000FAu);
 574              		.loc 1 335 0
 575 015e 1F4B     		ldr	r3, .L16+36
 576 0160 FA22     		mov	r2, #250
 577 0162 1A60     		str	r2, [r3]
ARM GAS  C:\Users\CHRIST~1\AppData\Local\Temp\ccyt2ogH.s 			page 17


 336:Generated_Source\PSoC4/cyfitter_cfg.c **** 	CY_SET_XTND_REG32((void CYFAR *)(CYREG_GPIO_PRT1_PC), 0x00186000u);
 578              		.loc 1 336 0
 579 0164 1E4B     		ldr	r3, .L16+40
 580 0166 C322     		mov	r2, #195
 581 0168 5203     		lsl	r2, r2, #13
 582 016a 1A60     		str	r2, [r3]
 337:Generated_Source\PSoC4/cyfitter_cfg.c **** 	CY_SET_XTND_REG32((void CYFAR *)(CYREG_GPIO_PRT1_PC2), 0x000000AAu);
 583              		.loc 1 337 0
 584 016c 1D4B     		ldr	r3, .L16+44
 585 016e AA22     		mov	r2, #170
 586 0170 1A60     		str	r2, [r3]
 338:Generated_Source\PSoC4/cyfitter_cfg.c **** 
 339:Generated_Source\PSoC4/cyfitter_cfg.c **** 	/* IOPINS0_2 Starting address: CYDEV_GPIO_PRT2_BASE */
 340:Generated_Source\PSoC4/cyfitter_cfg.c **** 	CY_SET_XTND_REG32((void CYFAR *)(CYDEV_GPIO_PRT2_BASE), 0x0000007Fu);
 587              		.loc 1 340 0
 588 0172 1D4B     		ldr	r3, .L16+48
 589 0174 7F22     		mov	r2, #127
 590 0176 1A60     		str	r2, [r3]
 341:Generated_Source\PSoC4/cyfitter_cfg.c **** 	CY_SET_XTND_REG32((void CYFAR *)(CYREG_GPIO_PRT2_PC), 0x00180000u);
 591              		.loc 1 341 0
 592 0178 1C4B     		ldr	r3, .L16+52
 593 017a C022     		mov	r2, #192
 594 017c 5203     		lsl	r2, r2, #13
 595 017e 1A60     		str	r2, [r3]
 342:Generated_Source\PSoC4/cyfitter_cfg.c **** 	CY_SET_XTND_REG32((void CYFAR *)(CYREG_GPIO_PRT2_PC2), 0x0000003Fu);
 596              		.loc 1 342 0
 597 0180 1B4B     		ldr	r3, .L16+56
 598 0182 3F22     		mov	r2, #63
 599 0184 1A60     		str	r2, [r3]
 343:Generated_Source\PSoC4/cyfitter_cfg.c **** 
 344:Generated_Source\PSoC4/cyfitter_cfg.c **** 	/* IOPINS0_3 Starting address: CYDEV_GPIO_PRT3_BASE */
 345:Generated_Source\PSoC4/cyfitter_cfg.c **** 	CY_SET_XTND_REG32((void CYFAR *)(CYDEV_GPIO_PRT3_BASE), 0x000000E0u);
 600              		.loc 1 345 0
 601 0186 1B4B     		ldr	r3, .L16+60
 602 0188 E022     		mov	r2, #224
 603 018a 1A60     		str	r2, [r3]
 346:Generated_Source\PSoC4/cyfitter_cfg.c **** 	CY_SET_XTND_REG32((void CYFAR *)(CYREG_GPIO_PRT3_PC2), 0x000000E0u);
 604              		.loc 1 346 0
 605 018c 1A4B     		ldr	r3, .L16+64
 606 018e E022     		mov	r2, #224
 607 0190 1A60     		str	r2, [r3]
 347:Generated_Source\PSoC4/cyfitter_cfg.c **** 
 348:Generated_Source\PSoC4/cyfitter_cfg.c **** 	/* IOPINS0_4 Starting address: CYDEV_GPIO_PRT4_BASE */
 349:Generated_Source\PSoC4/cyfitter_cfg.c **** 	CY_SET_XTND_REG32((void CYFAR *)(CYDEV_GPIO_PRT4_BASE), 0x00000003u);
 608              		.loc 1 349 0
 609 0192 1A4B     		ldr	r3, .L16+68
 610 0194 0322     		mov	r2, #3
 611 0196 1A60     		str	r2, [r3]
 350:Generated_Source\PSoC4/cyfitter_cfg.c **** 	CY_SET_XTND_REG32((void CYFAR *)(CYREG_GPIO_PRT4_PC), 0x00000024u);
 612              		.loc 1 350 0
 613 0198 194B     		ldr	r3, .L16+72
 614 019a 2422     		mov	r2, #36
 615 019c 1A60     		str	r2, [r3]
 351:Generated_Source\PSoC4/cyfitter_cfg.c **** 
 352:Generated_Source\PSoC4/cyfitter_cfg.c **** 	/* IOPINS0_5 Starting address: CYDEV_GPIO_PRT5_BASE */
 353:Generated_Source\PSoC4/cyfitter_cfg.c **** 	CY_SET_XTND_REG32((void CYFAR *)(CYDEV_GPIO_PRT5_BASE), 0x00000004u);
 616              		.loc 1 353 0
ARM GAS  C:\Users\CHRIST~1\AppData\Local\Temp\ccyt2ogH.s 			page 18


 617 019e 194B     		ldr	r3, .L16+76
 618 01a0 0422     		mov	r2, #4
 619 01a2 1A60     		str	r2, [r3]
 354:Generated_Source\PSoC4/cyfitter_cfg.c **** 	CY_SET_XTND_REG32((void CYFAR *)(CYREG_GPIO_PRT5_PC2), 0x00000004u);
 620              		.loc 1 354 0
 621 01a4 184B     		ldr	r3, .L16+80
 622 01a6 0422     		mov	r2, #4
 623 01a8 1A60     		str	r2, [r3]
 355:Generated_Source\PSoC4/cyfitter_cfg.c **** 
 356:Generated_Source\PSoC4/cyfitter_cfg.c **** 
 357:Generated_Source\PSoC4/cyfitter_cfg.c **** 	/* Setup clocks based on selections from Clock DWR */
 358:Generated_Source\PSoC4/cyfitter_cfg.c **** 	ClockSetup();
 624              		.loc 1 358 0
 625 01aa FFF729FF 		bl	ClockSetup
 359:Generated_Source\PSoC4/cyfitter_cfg.c **** 
 360:Generated_Source\PSoC4/cyfitter_cfg.c **** 	/* Perform basic analog initialization to defaults */
 361:Generated_Source\PSoC4/cyfitter_cfg.c **** 	AnalogSetDefault();
 626              		.loc 1 361 0
 627 01ae FFF7FEFF 		bl	AnalogSetDefault
 362:Generated_Source\PSoC4/cyfitter_cfg.c **** 
 363:Generated_Source\PSoC4/cyfitter_cfg.c **** }
 628              		.loc 1 363 0
 629 01b2 BD46     		mov	sp, r7
 630              		@ sp needed
 631 01b4 80BD     		pop	{r7, pc}
 632              	.L17:
 633 01b6 C046     		.align	2
 634              	.L16:
 635 01b8 00000240 		.word	1073872896
 636 01bc EE080000 		.word	2286
 637 01c0 00020240 		.word	1073873408
 638 01c4 00030240 		.word	1073873664
 639 01c8 00040240 		.word	1073873920
 640 01cc 04013F40 		.word	1077870852
 641 01d0 34023440 		.word	1077150260
 642 01d4 00000440 		.word	1074003968
 643 01d8 08000440 		.word	1074003976
 644 01dc 00010440 		.word	1074004224
 645 01e0 08010440 		.word	1074004232
 646 01e4 18010440 		.word	1074004248
 647 01e8 00020440 		.word	1074004480
 648 01ec 08020440 		.word	1074004488
 649 01f0 18020440 		.word	1074004504
 650 01f4 00030440 		.word	1074004736
 651 01f8 18030440 		.word	1074004760
 652 01fc 00040440 		.word	1074004992
 653 0200 08040440 		.word	1074005000
 654 0204 00050440 		.word	1074005248
 655 0208 18050440 		.word	1074005272
 656              		.cfi_endproc
 657              	.LFE7:
 658              		.size	cyfitter_cfg, .-cyfitter_cfg
 659              		.text
 660              	.Letext0:
 661              		.file 2 "c:\\program files (x86)\\cypress\\psoc creator\\4.0\\psoc creator\\import\\gnu\\arm\\4.9.
 662              		.file 3 "Generated_Source\\PSoC4\\cytypes.h"
 663              		.section	.debug_info,"",%progbits
ARM GAS  C:\Users\CHRIST~1\AppData\Local\Temp\ccyt2ogH.s 			page 19


 664              	.Ldebug_info0:
 665 0000 D4010000 		.4byte	0x1d4
 666 0004 0400     		.2byte	0x4
 667 0006 00000000 		.4byte	.Ldebug_abbrev0
 668 000a 04       		.byte	0x4
 669 000b 01       		.uleb128 0x1
 670 000c 49010000 		.4byte	.LASF24
 671 0010 01       		.byte	0x1
 672 0011 16020000 		.4byte	.LASF25
 673 0015 57000000 		.4byte	.LASF26
 674 0019 00000000 		.4byte	.Ldebug_ranges0+0
 675 001d 00000000 		.4byte	0
 676 0021 00000000 		.4byte	.Ldebug_line0
 677 0025 02       		.uleb128 0x2
 678 0026 04       		.byte	0x4
 679 0027 05       		.byte	0x5
 680 0028 696E7400 		.ascii	"int\000"
 681 002c 03       		.uleb128 0x3
 682 002d 16000000 		.4byte	.LASF11
 683 0031 02       		.byte	0x2
 684 0032 D4       		.byte	0xd4
 685 0033 37000000 		.4byte	0x37
 686 0037 04       		.uleb128 0x4
 687 0038 04       		.byte	0x4
 688 0039 07       		.byte	0x7
 689 003a 25010000 		.4byte	.LASF0
 690 003e 04       		.uleb128 0x4
 691 003f 01       		.byte	0x1
 692 0040 06       		.byte	0x6
 693 0041 0A020000 		.4byte	.LASF1
 694 0045 04       		.uleb128 0x4
 695 0046 01       		.byte	0x1
 696 0047 08       		.byte	0x8
 697 0048 FC000000 		.4byte	.LASF2
 698 004c 04       		.uleb128 0x4
 699 004d 02       		.byte	0x2
 700 004e 05       		.byte	0x5
 701 004f F7010000 		.4byte	.LASF3
 702 0053 04       		.uleb128 0x4
 703 0054 02       		.byte	0x2
 704 0055 07       		.byte	0x7
 705 0056 39000000 		.4byte	.LASF4
 706 005a 04       		.uleb128 0x4
 707 005b 04       		.byte	0x4
 708 005c 05       		.byte	0x5
 709 005d 01020000 		.4byte	.LASF5
 710 0061 04       		.uleb128 0x4
 711 0062 04       		.byte	0x4
 712 0063 07       		.byte	0x7
 713 0064 C4000000 		.4byte	.LASF6
 714 0068 04       		.uleb128 0x4
 715 0069 08       		.byte	0x8
 716 006a 05       		.byte	0x5
 717 006b E4010000 		.4byte	.LASF7
 718 006f 04       		.uleb128 0x4
 719 0070 08       		.byte	0x8
 720 0071 07       		.byte	0x7
ARM GAS  C:\Users\CHRIST~1\AppData\Local\Temp\ccyt2ogH.s 			page 20


 721 0072 32010000 		.4byte	.LASF8
 722 0076 04       		.uleb128 0x4
 723 0077 04       		.byte	0x4
 724 0078 07       		.byte	0x7
 725 0079 DB010000 		.4byte	.LASF9
 726 007d 05       		.uleb128 0x5
 727 007e 04       		.byte	0x4
 728 007f 04       		.uleb128 0x4
 729 0080 01       		.byte	0x1
 730 0081 08       		.byte	0x8
 731 0082 F2010000 		.4byte	.LASF10
 732 0086 06       		.uleb128 0x6
 733 0087 D6000000 		.4byte	.LASF12
 734 008b 03       		.byte	0x3
 735 008c 9801     		.2byte	0x198
 736 008e 45000000 		.4byte	0x45
 737 0092 06       		.uleb128 0x6
 738 0093 1E010000 		.4byte	.LASF13
 739 0097 03       		.byte	0x3
 740 0098 9A01     		.2byte	0x19a
 741 009a 61000000 		.4byte	0x61
 742 009e 04       		.uleb128 0x4
 743 009f 04       		.byte	0x4
 744 00a0 04       		.byte	0x4
 745 00a1 4C000000 		.4byte	.LASF14
 746 00a5 04       		.uleb128 0x4
 747 00a6 08       		.byte	0x8
 748 00a7 04       		.byte	0x4
 749 00a8 0A010000 		.4byte	.LASF15
 750 00ac 06       		.uleb128 0x6
 751 00ad 10000000 		.4byte	.LASF16
 752 00b1 03       		.byte	0x3
 753 00b2 4402     		.2byte	0x244
 754 00b4 B8000000 		.4byte	0xb8
 755 00b8 07       		.uleb128 0x7
 756 00b9 92000000 		.4byte	0x92
 757 00bd 08       		.uleb128 0x8
 758 00be DC000000 		.4byte	.LASF17
 759 00c2 01       		.byte	0x1
 760 00c3 3C       		.byte	0x3c
 761 00c4 00000000 		.4byte	.LFB1
 762 00c8 1E000000 		.4byte	.LFE1-.LFB1
 763 00cc 01       		.uleb128 0x1
 764 00cd 9C       		.byte	0x9c
 765 00ce EB000000 		.4byte	0xeb
 766 00d2 09       		.uleb128 0x9
 767 00d3 7300     		.ascii	"s\000"
 768 00d5 01       		.byte	0x1
 769 00d6 3C       		.byte	0x3c
 770 00d7 7D000000 		.4byte	0x7d
 771 00db 02       		.uleb128 0x2
 772 00dc 91       		.byte	0x91
 773 00dd 74       		.sleb128 -12
 774 00de 09       		.uleb128 0x9
 775 00df 6E00     		.ascii	"n\000"
 776 00e1 01       		.byte	0x1
 777 00e2 3C       		.byte	0x3c
ARM GAS  C:\Users\CHRIST~1\AppData\Local\Temp\ccyt2ogH.s 			page 21


 778 00e3 2C000000 		.4byte	0x2c
 779 00e7 02       		.uleb128 0x2
 780 00e8 91       		.byte	0x91
 781 00e9 70       		.sleb128 -16
 782 00ea 00       		.byte	0
 783 00eb 08       		.uleb128 0x8
 784 00ec 45020000 		.4byte	.LASF18
 785 00f0 01       		.byte	0x1
 786 00f1 43       		.byte	0x43
 787 00f2 00000000 		.4byte	.LFB2
 788 00f6 22000000 		.4byte	.LFE2-.LFB2
 789 00fa 01       		.uleb128 0x1
 790 00fb 9C       		.byte	0x9c
 791 00fc 29010000 		.4byte	0x129
 792 0100 0A       		.uleb128 0xa
 793 0101 52000000 		.4byte	.LASF19
 794 0105 01       		.byte	0x1
 795 0106 43       		.byte	0x43
 796 0107 7D000000 		.4byte	0x7d
 797 010b 02       		.uleb128 0x2
 798 010c 91       		.byte	0x91
 799 010d 74       		.sleb128 -12
 800 010e 09       		.uleb128 0x9
 801 010f 73726300 		.ascii	"src\000"
 802 0113 01       		.byte	0x1
 803 0114 43       		.byte	0x43
 804 0115 29010000 		.4byte	0x129
 805 0119 02       		.uleb128 0x2
 806 011a 91       		.byte	0x91
 807 011b 70       		.sleb128 -16
 808 011c 09       		.uleb128 0x9
 809 011d 6E00     		.ascii	"n\000"
 810 011f 01       		.byte	0x1
 811 0120 43       		.byte	0x43
 812 0121 2C000000 		.4byte	0x2c
 813 0125 02       		.uleb128 0x2
 814 0126 91       		.byte	0x91
 815 0127 6C       		.sleb128 -20
 816 0128 00       		.byte	0
 817 0129 0B       		.uleb128 0xb
 818 012a 04       		.byte	0x4
 819 012b 2F010000 		.4byte	0x12f
 820 012f 0C       		.uleb128 0xc
 821 0130 08       		.uleb128 0x8
 822 0131 00000000 		.4byte	.LASF20
 823 0135 01       		.byte	0x1
 824 0136 4A       		.byte	0x4a
 825 0137 00000000 		.4byte	.LFB3
 826 013b 22000000 		.4byte	.LFE3-.LFB3
 827 013f 01       		.uleb128 0x1
 828 0140 9C       		.byte	0x9c
 829 0141 6E010000 		.4byte	0x16e
 830 0145 0A       		.uleb128 0xa
 831 0146 52000000 		.4byte	.LASF19
 832 014a 01       		.byte	0x1
 833 014b 4A       		.byte	0x4a
 834 014c 7D000000 		.4byte	0x7d
ARM GAS  C:\Users\CHRIST~1\AppData\Local\Temp\ccyt2ogH.s 			page 22


 835 0150 02       		.uleb128 0x2
 836 0151 91       		.byte	0x91
 837 0152 74       		.sleb128 -12
 838 0153 09       		.uleb128 0x9
 839 0154 73726300 		.ascii	"src\000"
 840 0158 01       		.byte	0x1
 841 0159 4A       		.byte	0x4a
 842 015a 29010000 		.4byte	0x129
 843 015e 02       		.uleb128 0x2
 844 015f 91       		.byte	0x91
 845 0160 70       		.sleb128 -16
 846 0161 09       		.uleb128 0x9
 847 0162 6E00     		.ascii	"n\000"
 848 0164 01       		.byte	0x1
 849 0165 4A       		.byte	0x4a
 850 0166 2C000000 		.4byte	0x2c
 851 016a 02       		.uleb128 0x2
 852 016b 91       		.byte	0x91
 853 016c 6C       		.sleb128 -20
 854 016d 00       		.byte	0
 855 016e 0D       		.uleb128 0xd
 856 016f 2E000000 		.4byte	.LASF21
 857 0173 01       		.byte	0x1
 858 0174 9C       		.byte	0x9c
 859 0175 00000000 		.4byte	.LFB4
 860 0179 24010000 		.4byte	.LFE4-.LFB4
 861 017d 01       		.uleb128 0x1
 862 017e 9C       		.byte	0x9c
 863 017f 0D       		.uleb128 0xd
 864 0180 1D000000 		.4byte	.LASF22
 865 0184 01       		.byte	0x1
 866 0185 E4       		.byte	0xe4
 867 0186 00000000 		.4byte	.LFB5
 868 018a 44010000 		.4byte	.LFE5-.LFB5
 869 018e 01       		.uleb128 0x1
 870 018f 9C       		.byte	0x9c
 871 0190 0E       		.uleb128 0xe
 872 0191 E6000000 		.4byte	.LASF27
 873 0195 01       		.byte	0x1
 874 0196 1301     		.2byte	0x113
 875 0198 00000000 		.4byte	.LFB6
 876 019c 40000000 		.4byte	.LFE6-.LFB6
 877 01a0 01       		.uleb128 0x1
 878 01a1 9C       		.byte	0x9c
 879 01a2 C5010000 		.4byte	0x1c5
 880 01a6 0F       		.uleb128 0xf
 881 01a7 BC000000 		.4byte	.LASF23
 882 01ab 01       		.byte	0x1
 883 01ac 1301     		.2byte	0x113
 884 01ae 86000000 		.4byte	0x86
 885 01b2 02       		.uleb128 0x2
 886 01b3 91       		.byte	0x91
 887 01b4 6F       		.sleb128 -17
 888 01b5 10       		.uleb128 0x10
 889 01b6 3C020000 		.4byte	.LASF28
 890 01ba 01       		.byte	0x1
 891 01bb 1501     		.2byte	0x115
ARM GAS  C:\Users\CHRIST~1\AppData\Local\Temp\ccyt2ogH.s 			page 23


 892 01bd 92000000 		.4byte	0x92
 893 01c1 02       		.uleb128 0x2
 894 01c2 91       		.byte	0x91
 895 01c3 74       		.sleb128 -12
 896 01c4 00       		.byte	0
 897 01c5 11       		.uleb128 0x11
 898 01c6 11010000 		.4byte	.LASF29
 899 01ca 01       		.byte	0x1
 900 01cb 3501     		.2byte	0x135
 901 01cd 24010000 		.4byte	.LFB7
 902 01d1 E8000000 		.4byte	.LFE7-.LFB7
 903 01d5 01       		.uleb128 0x1
 904 01d6 9C       		.byte	0x9c
 905 01d7 00       		.byte	0
 906              		.section	.debug_abbrev,"",%progbits
 907              	.Ldebug_abbrev0:
 908 0000 01       		.uleb128 0x1
 909 0001 11       		.uleb128 0x11
 910 0002 01       		.byte	0x1
 911 0003 25       		.uleb128 0x25
 912 0004 0E       		.uleb128 0xe
 913 0005 13       		.uleb128 0x13
 914 0006 0B       		.uleb128 0xb
 915 0007 03       		.uleb128 0x3
 916 0008 0E       		.uleb128 0xe
 917 0009 1B       		.uleb128 0x1b
 918 000a 0E       		.uleb128 0xe
 919 000b 55       		.uleb128 0x55
 920 000c 17       		.uleb128 0x17
 921 000d 11       		.uleb128 0x11
 922 000e 01       		.uleb128 0x1
 923 000f 10       		.uleb128 0x10
 924 0010 17       		.uleb128 0x17
 925 0011 00       		.byte	0
 926 0012 00       		.byte	0
 927 0013 02       		.uleb128 0x2
 928 0014 24       		.uleb128 0x24
 929 0015 00       		.byte	0
 930 0016 0B       		.uleb128 0xb
 931 0017 0B       		.uleb128 0xb
 932 0018 3E       		.uleb128 0x3e
 933 0019 0B       		.uleb128 0xb
 934 001a 03       		.uleb128 0x3
 935 001b 08       		.uleb128 0x8
 936 001c 00       		.byte	0
 937 001d 00       		.byte	0
 938 001e 03       		.uleb128 0x3
 939 001f 16       		.uleb128 0x16
 940 0020 00       		.byte	0
 941 0021 03       		.uleb128 0x3
 942 0022 0E       		.uleb128 0xe
 943 0023 3A       		.uleb128 0x3a
 944 0024 0B       		.uleb128 0xb
 945 0025 3B       		.uleb128 0x3b
 946 0026 0B       		.uleb128 0xb
 947 0027 49       		.uleb128 0x49
 948 0028 13       		.uleb128 0x13
ARM GAS  C:\Users\CHRIST~1\AppData\Local\Temp\ccyt2ogH.s 			page 24


 949 0029 00       		.byte	0
 950 002a 00       		.byte	0
 951 002b 04       		.uleb128 0x4
 952 002c 24       		.uleb128 0x24
 953 002d 00       		.byte	0
 954 002e 0B       		.uleb128 0xb
 955 002f 0B       		.uleb128 0xb
 956 0030 3E       		.uleb128 0x3e
 957 0031 0B       		.uleb128 0xb
 958 0032 03       		.uleb128 0x3
 959 0033 0E       		.uleb128 0xe
 960 0034 00       		.byte	0
 961 0035 00       		.byte	0
 962 0036 05       		.uleb128 0x5
 963 0037 0F       		.uleb128 0xf
 964 0038 00       		.byte	0
 965 0039 0B       		.uleb128 0xb
 966 003a 0B       		.uleb128 0xb
 967 003b 00       		.byte	0
 968 003c 00       		.byte	0
 969 003d 06       		.uleb128 0x6
 970 003e 16       		.uleb128 0x16
 971 003f 00       		.byte	0
 972 0040 03       		.uleb128 0x3
 973 0041 0E       		.uleb128 0xe
 974 0042 3A       		.uleb128 0x3a
 975 0043 0B       		.uleb128 0xb
 976 0044 3B       		.uleb128 0x3b
 977 0045 05       		.uleb128 0x5
 978 0046 49       		.uleb128 0x49
 979 0047 13       		.uleb128 0x13
 980 0048 00       		.byte	0
 981 0049 00       		.byte	0
 982 004a 07       		.uleb128 0x7
 983 004b 35       		.uleb128 0x35
 984 004c 00       		.byte	0
 985 004d 49       		.uleb128 0x49
 986 004e 13       		.uleb128 0x13
 987 004f 00       		.byte	0
 988 0050 00       		.byte	0
 989 0051 08       		.uleb128 0x8
 990 0052 2E       		.uleb128 0x2e
 991 0053 01       		.byte	0x1
 992 0054 03       		.uleb128 0x3
 993 0055 0E       		.uleb128 0xe
 994 0056 3A       		.uleb128 0x3a
 995 0057 0B       		.uleb128 0xb
 996 0058 3B       		.uleb128 0x3b
 997 0059 0B       		.uleb128 0xb
 998 005a 27       		.uleb128 0x27
 999 005b 19       		.uleb128 0x19
 1000 005c 11       		.uleb128 0x11
 1001 005d 01       		.uleb128 0x1
 1002 005e 12       		.uleb128 0x12
 1003 005f 06       		.uleb128 0x6
 1004 0060 40       		.uleb128 0x40
 1005 0061 18       		.uleb128 0x18
ARM GAS  C:\Users\CHRIST~1\AppData\Local\Temp\ccyt2ogH.s 			page 25


 1006 0062 9642     		.uleb128 0x2116
 1007 0064 19       		.uleb128 0x19
 1008 0065 01       		.uleb128 0x1
 1009 0066 13       		.uleb128 0x13
 1010 0067 00       		.byte	0
 1011 0068 00       		.byte	0
 1012 0069 09       		.uleb128 0x9
 1013 006a 05       		.uleb128 0x5
 1014 006b 00       		.byte	0
 1015 006c 03       		.uleb128 0x3
 1016 006d 08       		.uleb128 0x8
 1017 006e 3A       		.uleb128 0x3a
 1018 006f 0B       		.uleb128 0xb
 1019 0070 3B       		.uleb128 0x3b
 1020 0071 0B       		.uleb128 0xb
 1021 0072 49       		.uleb128 0x49
 1022 0073 13       		.uleb128 0x13
 1023 0074 02       		.uleb128 0x2
 1024 0075 18       		.uleb128 0x18
 1025 0076 00       		.byte	0
 1026 0077 00       		.byte	0
 1027 0078 0A       		.uleb128 0xa
 1028 0079 05       		.uleb128 0x5
 1029 007a 00       		.byte	0
 1030 007b 03       		.uleb128 0x3
 1031 007c 0E       		.uleb128 0xe
 1032 007d 3A       		.uleb128 0x3a
 1033 007e 0B       		.uleb128 0xb
 1034 007f 3B       		.uleb128 0x3b
 1035 0080 0B       		.uleb128 0xb
 1036 0081 49       		.uleb128 0x49
 1037 0082 13       		.uleb128 0x13
 1038 0083 02       		.uleb128 0x2
 1039 0084 18       		.uleb128 0x18
 1040 0085 00       		.byte	0
 1041 0086 00       		.byte	0
 1042 0087 0B       		.uleb128 0xb
 1043 0088 0F       		.uleb128 0xf
 1044 0089 00       		.byte	0
 1045 008a 0B       		.uleb128 0xb
 1046 008b 0B       		.uleb128 0xb
 1047 008c 49       		.uleb128 0x49
 1048 008d 13       		.uleb128 0x13
 1049 008e 00       		.byte	0
 1050 008f 00       		.byte	0
 1051 0090 0C       		.uleb128 0xc
 1052 0091 26       		.uleb128 0x26
 1053 0092 00       		.byte	0
 1054 0093 00       		.byte	0
 1055 0094 00       		.byte	0
 1056 0095 0D       		.uleb128 0xd
 1057 0096 2E       		.uleb128 0x2e
 1058 0097 00       		.byte	0
 1059 0098 03       		.uleb128 0x3
 1060 0099 0E       		.uleb128 0xe
 1061 009a 3A       		.uleb128 0x3a
 1062 009b 0B       		.uleb128 0xb
ARM GAS  C:\Users\CHRIST~1\AppData\Local\Temp\ccyt2ogH.s 			page 26


 1063 009c 3B       		.uleb128 0x3b
 1064 009d 0B       		.uleb128 0xb
 1065 009e 27       		.uleb128 0x27
 1066 009f 19       		.uleb128 0x19
 1067 00a0 11       		.uleb128 0x11
 1068 00a1 01       		.uleb128 0x1
 1069 00a2 12       		.uleb128 0x12
 1070 00a3 06       		.uleb128 0x6
 1071 00a4 40       		.uleb128 0x40
 1072 00a5 18       		.uleb128 0x18
 1073 00a6 9642     		.uleb128 0x2116
 1074 00a8 19       		.uleb128 0x19
 1075 00a9 00       		.byte	0
 1076 00aa 00       		.byte	0
 1077 00ab 0E       		.uleb128 0xe
 1078 00ac 2E       		.uleb128 0x2e
 1079 00ad 01       		.byte	0x1
 1080 00ae 3F       		.uleb128 0x3f
 1081 00af 19       		.uleb128 0x19
 1082 00b0 03       		.uleb128 0x3
 1083 00b1 0E       		.uleb128 0xe
 1084 00b2 3A       		.uleb128 0x3a
 1085 00b3 0B       		.uleb128 0xb
 1086 00b4 3B       		.uleb128 0x3b
 1087 00b5 05       		.uleb128 0x5
 1088 00b6 27       		.uleb128 0x27
 1089 00b7 19       		.uleb128 0x19
 1090 00b8 11       		.uleb128 0x11
 1091 00b9 01       		.uleb128 0x1
 1092 00ba 12       		.uleb128 0x12
 1093 00bb 06       		.uleb128 0x6
 1094 00bc 40       		.uleb128 0x40
 1095 00bd 18       		.uleb128 0x18
 1096 00be 9742     		.uleb128 0x2117
 1097 00c0 19       		.uleb128 0x19
 1098 00c1 01       		.uleb128 0x1
 1099 00c2 13       		.uleb128 0x13
 1100 00c3 00       		.byte	0
 1101 00c4 00       		.byte	0
 1102 00c5 0F       		.uleb128 0xf
 1103 00c6 05       		.uleb128 0x5
 1104 00c7 00       		.byte	0
 1105 00c8 03       		.uleb128 0x3
 1106 00c9 0E       		.uleb128 0xe
 1107 00ca 3A       		.uleb128 0x3a
 1108 00cb 0B       		.uleb128 0xb
 1109 00cc 3B       		.uleb128 0x3b
 1110 00cd 05       		.uleb128 0x5
 1111 00ce 49       		.uleb128 0x49
 1112 00cf 13       		.uleb128 0x13
 1113 00d0 02       		.uleb128 0x2
 1114 00d1 18       		.uleb128 0x18
 1115 00d2 00       		.byte	0
 1116 00d3 00       		.byte	0
 1117 00d4 10       		.uleb128 0x10
 1118 00d5 34       		.uleb128 0x34
 1119 00d6 00       		.byte	0
ARM GAS  C:\Users\CHRIST~1\AppData\Local\Temp\ccyt2ogH.s 			page 27


 1120 00d7 03       		.uleb128 0x3
 1121 00d8 0E       		.uleb128 0xe
 1122 00d9 3A       		.uleb128 0x3a
 1123 00da 0B       		.uleb128 0xb
 1124 00db 3B       		.uleb128 0x3b
 1125 00dc 05       		.uleb128 0x5
 1126 00dd 49       		.uleb128 0x49
 1127 00de 13       		.uleb128 0x13
 1128 00df 02       		.uleb128 0x2
 1129 00e0 18       		.uleb128 0x18
 1130 00e1 00       		.byte	0
 1131 00e2 00       		.byte	0
 1132 00e3 11       		.uleb128 0x11
 1133 00e4 2E       		.uleb128 0x2e
 1134 00e5 00       		.byte	0
 1135 00e6 3F       		.uleb128 0x3f
 1136 00e7 19       		.uleb128 0x19
 1137 00e8 03       		.uleb128 0x3
 1138 00e9 0E       		.uleb128 0xe
 1139 00ea 3A       		.uleb128 0x3a
 1140 00eb 0B       		.uleb128 0xb
 1141 00ec 3B       		.uleb128 0x3b
 1142 00ed 05       		.uleb128 0x5
 1143 00ee 27       		.uleb128 0x27
 1144 00ef 19       		.uleb128 0x19
 1145 00f0 11       		.uleb128 0x11
 1146 00f1 01       		.uleb128 0x1
 1147 00f2 12       		.uleb128 0x12
 1148 00f3 06       		.uleb128 0x6
 1149 00f4 40       		.uleb128 0x40
 1150 00f5 18       		.uleb128 0x18
 1151 00f6 9642     		.uleb128 0x2116
 1152 00f8 19       		.uleb128 0x19
 1153 00f9 00       		.byte	0
 1154 00fa 00       		.byte	0
 1155 00fb 00       		.byte	0
 1156              		.section	.debug_aranges,"",%progbits
 1157 0000 4C000000 		.4byte	0x4c
 1158 0004 0200     		.2byte	0x2
 1159 0006 00000000 		.4byte	.Ldebug_info0
 1160 000a 04       		.byte	0x4
 1161 000b 00       		.byte	0
 1162 000c 0000     		.2byte	0
 1163 000e 0000     		.2byte	0
 1164 0010 00000000 		.4byte	.LFB1
 1165 0014 1E000000 		.4byte	.LFE1-.LFB1
 1166 0018 00000000 		.4byte	.LFB2
 1167 001c 22000000 		.4byte	.LFE2-.LFB2
 1168 0020 00000000 		.4byte	.LFB3
 1169 0024 22000000 		.4byte	.LFE3-.LFB3
 1170 0028 00000000 		.4byte	.LFB4
 1171 002c 24010000 		.4byte	.LFE4-.LFB4
 1172 0030 00000000 		.4byte	.LFB5
 1173 0034 44010000 		.4byte	.LFE5-.LFB5
 1174 0038 00000000 		.4byte	.LFB6
 1175 003c 40000000 		.4byte	.LFE6-.LFB6
 1176 0040 24010000 		.4byte	.LFB7
ARM GAS  C:\Users\CHRIST~1\AppData\Local\Temp\ccyt2ogH.s 			page 28


 1177 0044 E8000000 		.4byte	.LFE7-.LFB7
 1178 0048 00000000 		.4byte	0
 1179 004c 00000000 		.4byte	0
 1180              		.section	.debug_ranges,"",%progbits
 1181              	.Ldebug_ranges0:
 1182 0000 00000000 		.4byte	.LFB1
 1183 0004 1E000000 		.4byte	.LFE1
 1184 0008 00000000 		.4byte	.LFB2
 1185 000c 22000000 		.4byte	.LFE2
 1186 0010 00000000 		.4byte	.LFB3
 1187 0014 22000000 		.4byte	.LFE3
 1188 0018 00000000 		.4byte	.LFB4
 1189 001c 24010000 		.4byte	.LFE4
 1190 0020 00000000 		.4byte	.LFB5
 1191 0024 44010000 		.4byte	.LFE5
 1192 0028 00000000 		.4byte	.LFB6
 1193 002c 40000000 		.4byte	.LFE6
 1194 0030 24010000 		.4byte	.LFB7
 1195 0034 0C020000 		.4byte	.LFE7
 1196 0038 00000000 		.4byte	0
 1197 003c 00000000 		.4byte	0
 1198              		.section	.debug_line,"",%progbits
 1199              	.Ldebug_line0:
 1200 0000 90010000 		.section	.debug_str,"MS",%progbits,1
 1200      0200CB00 
 1200      00000201 
 1200      FB0E0D00 
 1200      01010101 
 1201              	.LASF20:
 1202 0000 4359434F 		.ascii	"CYCONFIGCPYCODE\000"
 1202      4E464947 
 1202      43505943 
 1202      4F444500 
 1203              	.LASF16:
 1204 0010 72656733 		.ascii	"reg32\000"
 1204      3200
 1205              	.LASF11:
 1206 0016 73697A65 		.ascii	"size_t\000"
 1206      5F7400
 1207              	.LASF22:
 1208 001d 416E616C 		.ascii	"AnalogSetDefault\000"
 1208      6F675365 
 1208      74446566 
 1208      61756C74 
 1208      00
 1209              	.LASF21:
 1210 002e 436C6F63 		.ascii	"ClockSetup\000"
 1210      6B536574 
 1210      757000
 1211              	.LASF4:
 1212 0039 73686F72 		.ascii	"short unsigned int\000"
 1212      7420756E 
 1212      7369676E 
 1212      65642069 
 1212      6E7400
 1213              	.LASF14:
 1214 004c 666C6F61 		.ascii	"float\000"
ARM GAS  C:\Users\CHRIST~1\AppData\Local\Temp\ccyt2ogH.s 			page 29


 1214      7400
 1215              	.LASF19:
 1216 0052 64657374 		.ascii	"dest\000"
 1216      00
 1217              	.LASF26:
 1218 0057 433A5C55 		.ascii	"C:\\Users\\Christopher Kuzma\\Downloads\\Cypress Th"
 1218      73657273 
 1218      5C436872 
 1218      6973746F 
 1218      70686572 
 1219 0086 696E675C 		.ascii	"ing\\EnvironmentSensing.cydsn\\EnvironmentSensing.c"
 1219      456E7669 
 1219      726F6E6D 
 1219      656E7453 
 1219      656E7369 
 1220 00b7 7964736E 		.ascii	"ydsn\000"
 1220      00
 1221              	.LASF23:
 1222 00bc 656E6162 		.ascii	"enabled\000"
 1222      6C656400 
 1223              	.LASF6:
 1224 00c4 6C6F6E67 		.ascii	"long unsigned int\000"
 1224      20756E73 
 1224      69676E65 
 1224      6420696E 
 1224      7400
 1225              	.LASF12:
 1226 00d6 75696E74 		.ascii	"uint8\000"
 1226      3800
 1227              	.LASF17:
 1228 00dc 43594D45 		.ascii	"CYMEMZERO\000"
 1228      4D5A4552 
 1228      4F00
 1229              	.LASF27:
 1230 00e6 53657441 		.ascii	"SetAnalogRoutingPumps\000"
 1230      6E616C6F 
 1230      67526F75 
 1230      74696E67 
 1230      50756D70 
 1231              	.LASF2:
 1232 00fc 756E7369 		.ascii	"unsigned char\000"
 1232      676E6564 
 1232      20636861 
 1232      7200
 1233              	.LASF15:
 1234 010a 646F7562 		.ascii	"double\000"
 1234      6C6500
 1235              	.LASF29:
 1236 0111 63796669 		.ascii	"cyfitter_cfg\000"
 1236      74746572 
 1236      5F636667 
 1236      00
 1237              	.LASF13:
 1238 011e 75696E74 		.ascii	"uint32\000"
 1238      333200
 1239              	.LASF0:
 1240 0125 756E7369 		.ascii	"unsigned int\000"
ARM GAS  C:\Users\CHRIST~1\AppData\Local\Temp\ccyt2ogH.s 			page 30


 1240      676E6564 
 1240      20696E74 
 1240      00
 1241              	.LASF8:
 1242 0132 6C6F6E67 		.ascii	"long long unsigned int\000"
 1242      206C6F6E 
 1242      6720756E 
 1242      7369676E 
 1242      65642069 
 1243              	.LASF24:
 1244 0149 474E5520 		.ascii	"GNU C 4.9.3 20150303 (release) [ARM/embedded-4_9-br"
 1244      4320342E 
 1244      392E3320 
 1244      32303135 
 1244      30333033 
 1245 017c 616E6368 		.ascii	"anch revision 221220] -mcpu=cortex-m0plus -mthumb -"
 1245      20726576 
 1245      6973696F 
 1245      6E203232 
 1245      31323230 
 1246 01af 67202D4F 		.ascii	"g -O0 -ffunction-sections -ffat-lto-objects\000"
 1246      30202D66 
 1246      66756E63 
 1246      74696F6E 
 1246      2D736563 
 1247              	.LASF9:
 1248 01db 73697A65 		.ascii	"sizetype\000"
 1248      74797065 
 1248      00
 1249              	.LASF7:
 1250 01e4 6C6F6E67 		.ascii	"long long int\000"
 1250      206C6F6E 
 1250      6720696E 
 1250      7400
 1251              	.LASF10:
 1252 01f2 63686172 		.ascii	"char\000"
 1252      00
 1253              	.LASF3:
 1254 01f7 73686F72 		.ascii	"short int\000"
 1254      7420696E 
 1254      7400
 1255              	.LASF5:
 1256 0201 6C6F6E67 		.ascii	"long int\000"
 1256      20696E74 
 1256      00
 1257              	.LASF1:
 1258 020a 7369676E 		.ascii	"signed char\000"
 1258      65642063 
 1258      68617200 
 1259              	.LASF25:
 1260 0216 47656E65 		.ascii	"Generated_Source\\PSoC4\\cyfitter_cfg.c\000"
 1260      72617465 
 1260      645F536F 
 1260      75726365 
 1260      5C50536F 
 1261              	.LASF28:
 1262 023c 72656756 		.ascii	"regValue\000"
ARM GAS  C:\Users\CHRIST~1\AppData\Local\Temp\ccyt2ogH.s 			page 31


 1262      616C7565 
 1262      00
 1263              	.LASF18:
 1264 0245 4359434F 		.ascii	"CYCONFIGCPY\000"
 1264      4E464947 
 1264      43505900 
 1265              		.ident	"GCC: (GNU Tools for ARM Embedded Processors) 4.9.3 20150303 (release) [ARM/embedded-4_9-br
